0 verbose cli C:\Program Files\nodejs\node.exe C:\Users\sohar\AppData\Roaming\npm\node_modules\npm\bin\npm-cli.js
1 info using npm@11.5.1
2 info using node@v22.17.0
3 silly config load:file:C:\Users\sohar\AppData\Roaming\npm\node_modules\npm\npmrc
4 silly config load:file:C:\Users\sohar\OneDrive\Desktop\talenconnect\intern\talentconnect-rawRecruit\backend\.npmrc
5 silly config load:file:C:\Users\sohar\.npmrc
6 silly config load:file:C:\Users\sohar\AppData\Roaming\npm\etc\npmrc
7 verbose title npm i
8 verbose argv "i"
9 verbose logfile logs-max:10 dir:C:\Users\sohar\OneDrive\Desktop\talenconnect\intern\talentconnect-rawRecruit\backend\clear\_logs\2025-09-05T13_26_34_370Z-
10 verbose logfile C:\Users\sohar\OneDrive\Desktop\talenconnect\intern\talentconnect-rawRecruit\backend\clear\_logs\2025-09-05T13_26_34_370Z-debug-0.log
11 silly logfile done cleaning log files
12 silly packumentCache heap:2197815296 maxSize:549453824 maxEntrySize:274726912
13 silly idealTree buildDeps
14 silly reify moves {}
15 silly audit bulk request {
15 silly audit   '@hapi/hoek': [ '9.3.0' ],
15 silly audit   '@hapi/topo': [ '5.1.0' ],
15 silly audit   '@mongodb-js/saslprep': [ '1.2.2' ],
15 silly audit   '@react-oauth/google': [ '0.12.2' ],
15 silly audit   '@sendgrid/client': [ '8.1.5' ],
15 silly audit   '@sendgrid/helpers': [ '8.0.0' ],
15 silly audit   '@sendgrid/mail': [ '8.1.5' ],
15 silly audit   '@sideway/address': [ '4.1.5' ],
15 silly audit   '@sideway/formula': [ '3.0.1' ],
15 silly audit   '@sideway/pinpoint': [ '2.0.0' ],
15 silly audit   '@socket.io/component-emitter': [ '3.1.2' ],
15 silly audit   '@types/cors': [ '2.8.19' ],
15 silly audit   '@types/node': [ '24.0.0' ],
15 silly audit   '@types/webidl-conversions': [ '7.0.3' ],
15 silly audit   '@types/whatwg-url': [ '11.0.5' ],
15 silly audit   accepts: [ '2.0.0', '1.3.8' ],
15 silly audit   'agent-base': [ '7.1.3' ],
15 silly audit   anymatch: [ '3.1.3' ],
15 silly audit   'append-field': [ '1.0.0' ],
15 silly audit   asynckit: [ '0.4.0' ],
15 silly audit   axios: [ '1.9.0' ],
15 silly audit   'balanced-match': [ '1.0.2' ],
15 silly audit   'base64-js': [ '1.5.1' ],
15 silly audit   base64id: [ '2.0.0' ],
15 silly audit   bcryptjs: [ '3.0.2' ],
15 silly audit   'bignumber.js': [ '9.3.0' ],
15 silly audit   'binary-extensions': [ '2.3.0' ],
15 silly audit   'body-parser': [ '2.2.0' ],
15 silly audit   'brace-expansion': [ '1.1.12' ],
15 silly audit   braces: [ '3.0.3' ],
15 silly audit   bson: [ '6.10.3' ],
15 silly audit   'buffer-equal-constant-time': [ '1.0.1' ],
15 silly audit   'buffer-from': [ '1.1.2' ],
15 silly audit   busboy: [ '1.6.0' ],
15 silly audit   bytes: [ '3.1.2' ],
15 silly audit   'call-bind-apply-helpers': [ '1.0.2' ],
15 silly audit   'call-bound': [ '1.0.4' ],
15 silly audit   chokidar: [ '3.6.0' ],
15 silly audit   cloudinary: [ '2.6.1' ],
15 silly audit   'combined-stream': [ '1.0.8' ],
15 silly audit   'concat-map': [ '0.0.1' ],
15 silly audit   'concat-stream': [ '2.0.0' ],
15 silly audit   'content-disposition': [ '1.0.0' ],
15 silly audit   'content-type': [ '1.0.5' ],
15 silly audit   cookie: [ '0.7.2' ],
15 silly audit   'cookie-parser': [ '1.4.7' ],
15 silly audit   'cookie-signature': [ '1.0.6', '1.2.2' ],
15 silly audit   cors: [ '2.8.5' ],
15 silly audit   crypto: [ '1.0.1' ],
15 silly audit   debug: [ '4.4.1', '4.3.7' ],
15 silly audit   deepmerge: [ '4.3.1' ],
15 silly audit   'delayed-stream': [ '1.0.0' ],
15 silly audit   depd: [ '2.0.0' ],
15 silly audit   dotenv: [ '16.5.0' ],
15 silly audit   'dunder-proto': [ '1.0.1' ],
15 silly audit   'ecdsa-sig-formatter': [ '1.0.11' ],
15 silly audit   'ee-first': [ '1.1.1' ],
15 silly audit   encodeurl: [ '2.0.0' ],
15 silly audit   'engine.io': [ '6.6.4' ],
15 silly audit   'engine.io-parser': [ '5.2.3' ],
15 silly audit   'mime-db': [ '1.52.0', '1.54.0' ],
15 silly audit   'mime-types': [ '2.1.35', '3.0.1' ],
15 silly audit   negotiator: [ '0.6.3', '1.0.0' ],
15 silly audit   'es-define-property': [ '1.0.1' ],
15 silly audit   'es-errors': [ '1.3.0' ],
15 silly audit   'es-object-atoms': [ '1.1.1' ],
15 silly audit   'es-set-tostringtag': [ '2.1.0' ],
15 silly audit   'escape-html': [ '1.0.3' ],
15 silly audit   etag: [ '1.8.1' ],
15 silly audit   express: [ '5.1.0' ],
15 silly audit   extend: [ '3.0.2' ],
15 silly audit   'fill-range': [ '7.1.1' ],
15 silly audit   finalhandler: [ '2.1.0' ],
15 silly audit   'follow-redirects': [ '1.15.9' ],
15 silly audit   'form-data': [ '4.0.2' ],
15 silly audit   forwarded: [ '0.2.0' ],
15 silly audit   fresh: [ '2.0.0' ],
15 silly audit   fsevents: [ '2.3.3' ],
15 silly audit   'function-bind': [ '1.1.2' ],
15 silly audit   gaxios: [ '6.7.1' ],
15 silly audit   'gcp-metadata': [ '6.1.1' ],
15 silly audit   'https-proxy-agent': [ '7.0.6' ],
15 silly audit   'get-intrinsic': [ '1.3.0' ],
15 silly audit   'get-proto': [ '1.0.1' ],
15 silly audit   'glob-parent': [ '5.1.2' ],
15 silly audit   'google-auth-library': [ '9.15.1' ],
15 silly audit   jwa: [ '2.0.1', '1.4.2' ],
15 silly audit   jws: [ '4.0.0', '3.2.2' ],
15 silly audit   'google-logging-utils': [ '0.0.2' ],
15 silly audit   gopd: [ '1.2.0' ],
15 silly audit   gtoken: [ '7.1.0' ],
15 silly audit   'has-flag': [ '3.0.0' ],
15 silly audit   'has-symbols': [ '1.1.0' ],
15 silly audit   'has-tostringtag': [ '1.0.2' ],
15 silly audit   hasown: [ '2.0.2' ],
15 silly audit   'http-errors': [ '2.0.0' ],
15 silly audit   'iconv-lite': [ '0.6.3' ],
15 silly audit   'ignore-by-default': [ '1.0.1' ],
15 silly audit   inherits: [ '2.0.4', '2.0.3' ],
15 silly audit   'ipaddr.js': [ '1.9.1' ],
15 silly audit   'is-binary-path': [ '2.1.0' ],
15 silly audit   'is-extglob': [ '2.1.1' ],
15 silly audit   'is-glob': [ '4.0.3' ],
15 silly audit   'is-number': [ '7.0.0' ],
15 silly audit   'is-promise': [ '4.0.0' ],
15 silly audit   'is-stream': [ '2.0.1' ],
15 silly audit   joi: [ '17.13.3' ],
15 silly audit   'json-bigint': [ '1.0.0' ],
15 silly audit   jsonwebtoken: [ '9.0.2' ],
15 silly audit   kareem: [ '2.6.3' ],
15 silly audit   lodash: [ '4.17.21' ],
15 silly audit   'lodash.includes': [ '4.3.0' ],
15 silly audit   'lodash.isboolean': [ '3.0.3' ],
15 silly audit   'lodash.isinteger': [ '4.0.4' ],
15 silly audit   'lodash.isnumber': [ '3.0.3' ],
15 silly audit   'lodash.isplainobject': [ '4.0.6' ],
15 silly audit   'lodash.isstring': [ '4.0.1' ],
15 silly audit   'lodash.once': [ '4.1.1' ],
15 silly audit   'math-intrinsics': [ '1.1.0' ],
15 silly audit   'media-typer': [ '1.1.0', '0.3.0' ],
15 silly audit   'memory-pager': [ '1.5.0' ],
15 silly audit   'merge-descriptors': [ '2.0.0' ],
15 silly audit   minimatch: [ '3.1.2' ],
15 silly audit   minimist: [ '1.2.8' ],
15 silly audit   mkdirp: [ '0.5.6' ],
15 silly audit   mongodb: [ '6.16.0' ],
15 silly audit   'mongodb-connection-string-url': [ '3.0.2' ],
15 silly audit   mongoose: [ '8.15.0' ],
15 silly audit   mpath: [ '0.9.0' ],
15 silly audit   mquery: [ '5.0.0' ],
15 silly audit   ms: [ '2.1.3' ],
15 silly audit   multer: [ '2.0.1' ],
15 silly audit   'type-is': [ '1.6.18', '2.0.1' ],
15 silly audit   'node-fetch': [ '2.7.0' ],
15 silly audit   tr46: [ '0.0.3', '5.1.1' ],
15 silly audit   'webidl-conversions': [ '3.0.1', '7.0.0' ],
15 silly audit   'whatwg-url': [ '5.0.0', '14.2.0' ],
15 silly audit   nodemailer: [ '7.0.3' ],
15 silly audit   nodemon: [ '3.1.10' ],
15 silly audit   'normalize-path': [ '3.0.0' ],
15 silly audit   'object-assign': [ '4.1.1' ],
15 silly audit   'object-inspect': [ '1.13.4' ],
15 silly audit   'on-finished': [ '2.4.1' ],
15 silly audit   once: [ '1.4.0' ],
15 silly audit   parseurl: [ '1.3.3' ],
15 silly audit   path: [ '0.12.7' ],
15 silly audit   'path-to-regexp': [ '8.2.0' ],
15 silly audit   picomatch: [ '2.3.1' ],
15 silly audit   process: [ '0.11.10' ],
15 silly audit   'proxy-addr': [ '2.0.7' ],
15 silly audit   'proxy-from-env': [ '1.1.0' ],
15 silly audit   'pstree.remy': [ '1.1.8' ],
15 silly audit   punycode: [ '2.3.1' ],
15 silly audit   q: [ '1.5.1' ],
15 silly audit   qs: [ '6.14.0' ],
15 silly audit   'range-parser': [ '1.2.1' ],
15 silly audit   'raw-body': [ '3.0.0' ],
15 silly audit   'readable-stream': [ '3.6.2' ],
15 silly audit   readdirp: [ '3.6.0' ],
15 silly audit   router: [ '2.2.0' ],
15 silly audit   'safe-buffer': [ '5.2.1' ],
15 silly audit   'safer-buffer': [ '2.1.2' ],
15 silly audit   semver: [ '7.7.2' ],
15 silly audit   send: [ '1.2.0' ],
15 silly audit   'serve-static': [ '2.2.0' ],
15 silly audit   setprototypeof: [ '1.2.0' ],
15 silly audit   'side-channel': [ '1.1.0' ],
15 silly audit   'side-channel-list': [ '1.0.0' ],
15 silly audit   'side-channel-map': [ '1.0.1' ],
15 silly audit   'side-channel-weakmap': [ '1.0.2' ],
15 silly audit   sift: [ '17.1.3' ],
15 silly audit   'simple-update-notifier': [ '2.0.0' ],
15 silly audit   'socket.io': [ '4.8.1' ],
15 silly audit   'socket.io-adapter': [ '2.5.5' ],
15 silly audit   'socket.io-parser': [ '4.2.4' ],
15 silly audit   'sparse-bitfield': [ '3.0.3' ],
15 silly audit   statuses: [ '2.0.1' ],
15 silly audit   streamifier: [ '0.1.1' ],
15 silly audit   streamsearch: [ '1.1.0' ],
15 silly audit   string_decoder: [ '1.3.0' ],
15 silly audit   'supports-color': [ '5.5.0' ],
15 silly audit   'to-regex-range': [ '5.0.1' ],
15 silly audit   toidentifier: [ '1.0.1' ],
15 silly audit   touch: [ '3.1.1' ],
15 silly audit   typedarray: [ '0.0.6' ],
15 silly audit   undefsafe: [ '2.0.5' ],
15 silly audit   'undici-types': [ '7.8.0' ],
15 silly audit   unpipe: [ '1.0.0' ],
15 silly audit   util: [ '0.10.4' ],
15 silly audit   'util-deprecate': [ '1.0.2' ],
15 silly audit   uuid: [ '9.0.1' ],
15 silly audit   vary: [ '1.1.2' ],
15 silly audit   wrappy: [ '1.0.2' ],
15 silly audit   ws: [ '8.17.1' ],
15 silly audit   xtend: [ '4.0.2' ]
15 silly audit }
16 verbose reify failed optional dependency C:\Users\sohar\OneDrive\Desktop\talenconnect\intern\talentconnect-rawRecruit\backend\node_modules\fsevents
17 silly reify mark deleted [
17 silly reify   'C:\\Users\\sohar\\OneDrive\\Desktop\\talenconnect\\intern\\talentconnect-rawRecruit\\backend\\node_modules\\fsevents'
17 silly reify ]
18 http cache xtend@https://registry.npmjs.org/xtend/-/xtend-4.0.2.tgz 1ms (cache hit)
19 http cache wrappy@https://registry.npmjs.org/wrappy/-/wrappy-1.0.2.tgz 0ms (cache hit)
20 http cache ws@https://registry.npmjs.org/ws/-/ws-8.17.1.tgz 0ms (cache hit)
21 http cache whatwg-url@https://registry.npmjs.org/whatwg-url/-/whatwg-url-14.2.0.tgz 0ms (cache hit)
22 http cache webidl-conversions@https://registry.npmjs.org/webidl-conversions/-/webidl-conversions-7.0.0.tgz 0ms (cache hit)
23 http cache uuid@https://registry.npmjs.org/uuid/-/uuid-9.0.1.tgz 1ms (cache hit)
24 http cache util@https://registry.npmjs.org/util/-/util-0.10.4.tgz 0ms (cache hit)
25 http cache util-deprecate@https://registry.npmjs.org/util-deprecate/-/util-deprecate-1.0.2.tgz 0ms (cache hit)
26 http cache vary@https://registry.npmjs.org/vary/-/vary-1.1.2.tgz 0ms (cache hit)
27 http cache undici-types@https://registry.npmjs.org/undici-types/-/undici-types-7.8.0.tgz 0ms (cache hit)
28 http cache typedarray@https://registry.npmjs.org/typedarray/-/typedarray-0.0.6.tgz 0ms (cache hit)
29 http cache unpipe@https://registry.npmjs.org/unpipe/-/unpipe-1.0.0.tgz 0ms (cache hit)
30 http cache undefsafe@https://registry.npmjs.org/undefsafe/-/undefsafe-2.0.5.tgz 0ms (cache hit)
31 http cache type-is@https://registry.npmjs.org/type-is/-/type-is-2.0.1.tgz 0ms (cache hit)
32 http cache touch@https://registry.npmjs.org/touch/-/touch-3.1.1.tgz 0ms (cache hit)
33 http cache to-regex-range@https://registry.npmjs.org/to-regex-range/-/to-regex-range-5.0.1.tgz 0ms (cache hit)
34 http cache tr46@https://registry.npmjs.org/tr46/-/tr46-5.1.1.tgz 0ms (cache hit)
35 http cache toidentifier@https://registry.npmjs.org/toidentifier/-/toidentifier-1.0.1.tgz 0ms (cache hit)
36 http cache supports-color@https://registry.npmjs.org/supports-color/-/supports-color-5.5.0.tgz 0ms (cache hit)
37 http cache string_decoder@https://registry.npmjs.org/string_decoder/-/string_decoder-1.3.0.tgz 0ms (cache hit)
38 http cache streamsearch@https://registry.npmjs.org/streamsearch/-/streamsearch-1.1.0.tgz 0ms (cache hit)
39 http cache streamifier@https://registry.npmjs.org/streamifier/-/streamifier-0.1.1.tgz 0ms (cache hit)
40 http cache statuses@https://registry.npmjs.org/statuses/-/statuses-2.0.1.tgz 0ms (cache hit)
41 http cache sparse-bitfield@https://registry.npmjs.org/sparse-bitfield/-/sparse-bitfield-3.0.3.tgz 0ms (cache hit)
42 http cache socket.io-parser@https://registry.npmjs.org/socket.io-parser/-/socket.io-parser-4.2.4.tgz 0ms (cache hit)
43 http cache socket.io@https://registry.npmjs.org/socket.io/-/socket.io-4.8.1.tgz 0ms (cache hit)
44 http cache socket.io-adapter@https://registry.npmjs.org/socket.io-adapter/-/socket.io-adapter-2.5.5.tgz 0ms (cache hit)
45 http cache simple-update-notifier@https://registry.npmjs.org/simple-update-notifier/-/simple-update-notifier-2.0.0.tgz 0ms (cache hit)
46 http cache sift@https://registry.npmjs.org/sift/-/sift-17.1.3.tgz 0ms (cache hit)
47 http cache side-channel-weakmap@https://registry.npmjs.org/side-channel-weakmap/-/side-channel-weakmap-1.0.2.tgz 0ms (cache hit)
48 http cache side-channel@https://registry.npmjs.org/side-channel/-/side-channel-1.1.0.tgz 0ms (cache hit)
49 http cache side-channel-map@https://registry.npmjs.org/side-channel-map/-/side-channel-map-1.0.1.tgz 0ms (cache hit)
50 http cache side-channel-list@https://registry.npmjs.org/side-channel-list/-/side-channel-list-1.0.0.tgz 0ms (cache hit)
51 http cache serve-static@https://registry.npmjs.org/serve-static/-/serve-static-2.2.0.tgz 0ms (cache hit)
52 http cache setprototypeof@https://registry.npmjs.org/setprototypeof/-/setprototypeof-1.2.0.tgz 0ms (cache hit)
53 http cache router@https://registry.npmjs.org/router/-/router-2.2.0.tgz 0ms (cache hit)
54 http cache semver@https://registry.npmjs.org/semver/-/semver-7.7.2.tgz 0ms (cache hit)
55 http cache send@https://registry.npmjs.org/send/-/send-1.2.0.tgz 0ms (cache hit)
56 http cache safer-buffer@https://registry.npmjs.org/safer-buffer/-/safer-buffer-2.1.2.tgz 1ms (cache hit)
57 http cache safe-buffer@https://registry.npmjs.org/safe-buffer/-/safe-buffer-5.2.1.tgz 0ms (cache hit)
58 http cache readdirp@https://registry.npmjs.org/readdirp/-/readdirp-3.6.0.tgz 0ms (cache hit)
59 http cache raw-body@https://registry.npmjs.org/raw-body/-/raw-body-3.0.0.tgz 0ms (cache hit)
60 http cache qs@https://registry.npmjs.org/qs/-/qs-6.14.0.tgz 0ms (cache hit)
61 http cache readable-stream@https://registry.npmjs.org/readable-stream/-/readable-stream-3.6.2.tgz 0ms (cache hit)
62 http cache range-parser@https://registry.npmjs.org/range-parser/-/range-parser-1.2.1.tgz 0ms (cache hit)
63 http cache pstree.remy@https://registry.npmjs.org/pstree.remy/-/pstree.remy-1.1.8.tgz 0ms (cache hit)
64 http cache q@https://registry.npmjs.org/q/-/q-1.5.1.tgz 0ms (cache hit)
65 http cache punycode@https://registry.npmjs.org/punycode/-/punycode-2.3.1.tgz 0ms (cache hit)
66 http cache proxy-from-env@https://registry.npmjs.org/proxy-from-env/-/proxy-from-env-1.1.0.tgz 0ms (cache hit)
67 http cache proxy-addr@https://registry.npmjs.org/proxy-addr/-/proxy-addr-2.0.7.tgz 0ms (cache hit)
68 http cache process@https://registry.npmjs.org/process/-/process-0.11.10.tgz 0ms (cache hit)
69 http cache path-to-regexp@https://registry.npmjs.org/path-to-regexp/-/path-to-regexp-8.2.0.tgz 0ms (cache hit)
70 http cache picomatch@https://registry.npmjs.org/picomatch/-/picomatch-2.3.1.tgz 0ms (cache hit)
71 http cache path@https://registry.npmjs.org/path/-/path-0.12.7.tgz 1ms (cache hit)
72 http cache parseurl@https://registry.npmjs.org/parseurl/-/parseurl-1.3.3.tgz 0ms (cache hit)
73 http cache once@https://registry.npmjs.org/once/-/once-1.4.0.tgz 0ms (cache hit)
74 http cache on-finished@https://registry.npmjs.org/on-finished/-/on-finished-2.4.1.tgz 0ms (cache hit)
75 http cache object-inspect@https://registry.npmjs.org/object-inspect/-/object-inspect-1.13.4.tgz 0ms (cache hit)
76 http cache nodemon@https://registry.npmjs.org/nodemon/-/nodemon-3.1.10.tgz 0ms (cache hit)
77 http cache object-assign@https://registry.npmjs.org/object-assign/-/object-assign-4.1.1.tgz 0ms (cache hit)
78 http cache normalize-path@https://registry.npmjs.org/normalize-path/-/normalize-path-3.0.0.tgz 0ms (cache hit)
79 http cache negotiator@https://registry.npmjs.org/negotiator/-/negotiator-1.0.0.tgz 0ms (cache hit)
80 http cache node-fetch@https://registry.npmjs.org/node-fetch/-/node-fetch-2.7.0.tgz 0ms (cache hit)
81 http cache nodemailer@https://registry.npmjs.org/nodemailer/-/nodemailer-7.0.3.tgz 0ms (cache hit)
82 http cache mquery@https://registry.npmjs.org/mquery/-/mquery-5.0.0.tgz 0ms (cache hit)
83 http cache multer@https://registry.npmjs.org/multer/-/multer-2.0.1.tgz 0ms (cache hit)
84 http cache mpath@https://registry.npmjs.org/mpath/-/mpath-0.9.0.tgz 0ms (cache hit)
85 http cache ms@https://registry.npmjs.org/ms/-/ms-2.1.3.tgz 0ms (cache hit)
86 http cache mongoose@https://registry.npmjs.org/mongoose/-/mongoose-8.15.0.tgz 0ms (cache hit)
87 http cache mongodb-connection-string-url@https://registry.npmjs.org/mongodb-connection-string-url/-/mongodb-connection-string-url-3.0.2.tgz 0ms (cache hit)
88 http cache mongodb@https://registry.npmjs.org/mongodb/-/mongodb-6.16.0.tgz 0ms (cache hit)
89 http cache minimist@https://registry.npmjs.org/minimist/-/minimist-1.2.8.tgz 0ms (cache hit)
90 http cache mkdirp@https://registry.npmjs.org/mkdirp/-/mkdirp-0.5.6.tgz 0ms (cache hit)
91 http cache mime-db@https://registry.npmjs.org/mime-db/-/mime-db-1.54.0.tgz 0ms (cache hit)
92 http cache mime-types@https://registry.npmjs.org/mime-types/-/mime-types-3.0.1.tgz 0ms (cache hit)
93 http cache memory-pager@https://registry.npmjs.org/memory-pager/-/memory-pager-1.5.0.tgz 0ms (cache hit)
94 http cache math-intrinsics@https://registry.npmjs.org/math-intrinsics/-/math-intrinsics-1.1.0.tgz 0ms (cache hit)
95 http cache media-typer@https://registry.npmjs.org/media-typer/-/media-typer-1.1.0.tgz 0ms (cache hit)
96 http cache lodash.isstring@https://registry.npmjs.org/lodash.isstring/-/lodash.isstring-4.0.1.tgz 0ms (cache hit)
97 http cache merge-descriptors@https://registry.npmjs.org/merge-descriptors/-/merge-descriptors-2.0.0.tgz 0ms (cache hit)
98 http cache lodash.isplainobject@https://registry.npmjs.org/lodash.isplainobject/-/lodash.isplainobject-4.0.6.tgz 0ms (cache hit)
99 http cache lodash.once@https://registry.npmjs.org/lodash.once/-/lodash.once-4.1.1.tgz 0ms (cache hit)
100 http cache minimatch@https://registry.npmjs.org/minimatch/-/minimatch-3.1.2.tgz 0ms (cache hit)
101 notice Beginning October 4, 2021, all connections to the npm registry - including for package installation - must use TLS 1.2 or higher. You are currently using plaintext http to connect. Please visit the GitHub blog for more information: https://github.blog/2021-08-23-npm-registry-deprecating-tls-1-0-tls-1-1/
102 http fetch POST 426 http://registry.npmjs.org/-/npm/v1/security/advisories/bulk 369ms
103 verbose audit error HttpErrorGeneral: 426 Upgrade Required - POST http://registry.npmjs.org/-/npm/v1/security/advisories/bulk
103 verbose audit error     at C:\Users\sohar\AppData\Roaming\npm\node_modules\npm\node_modules\npm-registry-fetch\lib\check-response.js:103:15
103 verbose audit error     at process.processTicksAndRejections (node:internal/process/task_queues:105:5)
103 verbose audit error     at async #getReport (C:\Users\sohar\AppData\Roaming\npm\node_modules\npm\node_modules\@npmcli\arborist\lib\audit-report.js:275:19)
103 verbose audit error     at async AuditReport.run (C:\Users\sohar\AppData\Roaming\npm\node_modules\npm\node_modules\@npmcli\arborist\lib\audit-report.js:100:19) {
103 verbose audit error   headers: [Object: null prototype] {
103 verbose audit error     date: [ 'Fri, 05 Sep 2025 13:26:35 GMT' ],
103 verbose audit error     'content-type': [ 'text/plain' ],
103 verbose audit error     'content-length': [ '271' ],
103 verbose audit error     connection: [ 'keep-alive' ],
103 verbose audit error     'npm-notice': [
103 verbose audit error       'Beginning October 4, 2021, all connections to the npm registry - including for package installation - must use TLS 1.2 or higher. You are currently using plaintext http to connect. Please visit the GitHub blog for more information: https://github.blog/2021-08-23-npm-registry-deprecating-tls-1-0-tls-1-1/'
103 verbose audit error     ],
103 verbose audit error     vary: [ 'Accept-Encoding' ],
103 verbose audit error     'set-cookie': [
103 verbose audit error       '_cfuvid=SeJid9_JS9rVG45puLVOCHDxGuIH2XMT3RV2oXfubec-1757078795228-0.0.1.1-604800000; path=/; domain=.npmjs.org; HttpOnly'
103 verbose audit error     ],
103 verbose audit error     server: [ 'cloudflare' ],
103 verbose audit error     'cf-ray': [ '97a60f261ad73ce2-BOM' ],
103 verbose audit error     'x-fetch-attempts': [ '1' ]
103 verbose audit error   },
103 verbose audit error   statusCode: 426,
103 verbose audit error   code: 'E426',
103 verbose audit error   method: 'POST',
103 verbose audit error   uri: 'http://registry.npmjs.org/-/npm/v1/security/advisories/bulk',
103 verbose audit error   body: <Buffer 42 65 67 69 6e 6e 69 6e 67 20 4f 63 74 6f 62 65 72 20 34 2c 20 32 30 32 31 2c 20 61 6c 6c 20 63 6f 6e 6e 65 63 74 69 6f 6e 73 20 74 6f 20 6e 70 6d 20 ... 221 more bytes>,
103 verbose audit error   pkgid: undefined
103 verbose audit error }
104 silly audit error Beginning October 4, 2021, all connections to npm websites and the npm registry - including for package installation - must use HTTPS and TLS 1.2 or higher.
104 silly audit error
104 silly audit error For more information see this blog post: https://github.blog/2021-08-23-npm-registry-deprecating-tls-1-0-tls-1-1/
105 silly audit report null
106 http cache lodash.isnumber@https://registry.npmjs.org/lodash.isnumber/-/lodash.isnumber-3.0.3.tgz 0ms (cache hit)
107 http cache lodash.isinteger@https://registry.npmjs.org/lodash.isinteger/-/lodash.isinteger-4.0.4.tgz 0ms (cache hit)
108 http cache lodash.isboolean@https://registry.npmjs.org/lodash.isboolean/-/lodash.isboolean-3.0.3.tgz 0ms (cache hit)
109 http cache kareem@https://registry.npmjs.org/kareem/-/kareem-2.6.3.tgz 0ms (cache hit)
110 http cache lodash.includes@https://registry.npmjs.org/lodash.includes/-/lodash.includes-4.3.0.tgz 0ms (cache hit)
111 http cache jws@https://registry.npmjs.org/jws/-/jws-3.2.2.tgz 0ms (cache hit)
112 http cache lodash@https://registry.npmjs.org/lodash/-/lodash-4.17.21.tgz 0ms (cache hit)
113 http cache jwa@https://registry.npmjs.org/jwa/-/jwa-1.4.2.tgz 0ms (cache hit)
114 http cache json-bigint@https://registry.npmjs.org/json-bigint/-/json-bigint-1.0.0.tgz 0ms (cache hit)
115 http cache jsonwebtoken@https://registry.npmjs.org/jsonwebtoken/-/jsonwebtoken-9.0.2.tgz 0ms (cache hit)
116 http cache is-glob@https://registry.npmjs.org/is-glob/-/is-glob-4.0.3.tgz 0ms (cache hit)
117 http cache is-promise@https://registry.npmjs.org/is-promise/-/is-promise-4.0.0.tgz 0ms (cache hit)
118 http cache is-stream@https://registry.npmjs.org/is-stream/-/is-stream-2.0.1.tgz 0ms (cache hit)
119 http cache joi@https://registry.npmjs.org/joi/-/joi-17.13.3.tgz 0ms (cache hit)
120 http cache is-extglob@https://registry.npmjs.org/is-extglob/-/is-extglob-2.1.1.tgz 0ms (cache hit)
121 http cache is-number@https://registry.npmjs.org/is-number/-/is-number-7.0.0.tgz 0ms (cache hit)
122 http cache ipaddr.js@https://registry.npmjs.org/ipaddr.js/-/ipaddr.js-1.9.1.tgz 0ms (cache hit)
123 http cache inherits@https://registry.npmjs.org/inherits/-/inherits-2.0.4.tgz 0ms (cache hit)
124 http cache is-binary-path@https://registry.npmjs.org/is-binary-path/-/is-binary-path-2.1.0.tgz 0ms (cache hit)
125 http cache ignore-by-default@https://registry.npmjs.org/ignore-by-default/-/ignore-by-default-1.0.1.tgz 0ms (cache hit)
126 http cache iconv-lite@https://registry.npmjs.org/iconv-lite/-/iconv-lite-0.6.3.tgz 0ms (cache hit)
127 http cache hasown@https://registry.npmjs.org/hasown/-/hasown-2.0.2.tgz 0ms (cache hit)
128 http cache https-proxy-agent@https://registry.npmjs.org/https-proxy-agent/-/https-proxy-agent-7.0.6.tgz 0ms (cache hit)
129 http cache http-errors@https://registry.npmjs.org/http-errors/-/http-errors-2.0.0.tgz 0ms (cache hit)
130 http cache has-tostringtag@https://registry.npmjs.org/has-tostringtag/-/has-tostringtag-1.0.2.tgz 0ms (cache hit)
131 http cache has-flag@https://registry.npmjs.org/has-flag/-/has-flag-3.0.0.tgz 0ms (cache hit)
132 http cache has-symbols@https://registry.npmjs.org/has-symbols/-/has-symbols-1.1.0.tgz 0ms (cache hit)
133 http cache gtoken@https://registry.npmjs.org/gtoken/-/gtoken-7.1.0.tgz 0ms (cache hit)
134 http cache glob-parent@https://registry.npmjs.org/glob-parent/-/glob-parent-5.1.2.tgz 0ms (cache hit)
135 http cache gopd@https://registry.npmjs.org/gopd/-/gopd-1.2.0.tgz 0ms (cache hit)
136 http cache get-proto@https://registry.npmjs.org/get-proto/-/get-proto-1.0.1.tgz 0ms (cache hit)
137 http cache get-intrinsic@https://registry.npmjs.org/get-intrinsic/-/get-intrinsic-1.3.0.tgz 0ms (cache hit)
138 http cache google-auth-library@https://registry.npmjs.org/google-auth-library/-/google-auth-library-9.15.1.tgz 0ms (cache hit)
139 http cache google-logging-utils@https://registry.npmjs.org/google-logging-utils/-/google-logging-utils-0.0.2.tgz 0ms (cache hit)
140 http cache gaxios@https://registry.npmjs.org/gaxios/-/gaxios-6.7.1.tgz 0ms (cache hit)
141 http cache function-bind@https://registry.npmjs.org/function-bind/-/function-bind-1.1.2.tgz 0ms (cache hit)
142 http cache forwarded@https://registry.npmjs.org/forwarded/-/forwarded-0.2.0.tgz 0ms (cache hit)
143 http cache follow-redirects@https://registry.npmjs.org/follow-redirects/-/follow-redirects-1.15.9.tgz 0ms (cache hit)
144 http cache form-data@https://registry.npmjs.org/form-data/-/form-data-4.0.2.tgz 0ms (cache hit)
145 http cache fill-range@https://registry.npmjs.org/fill-range/-/fill-range-7.1.1.tgz 0ms (cache hit)
146 http cache finalhandler@https://registry.npmjs.org/finalhandler/-/finalhandler-2.1.0.tgz 0ms (cache hit)
147 http cache fresh@https://registry.npmjs.org/fresh/-/fresh-2.0.0.tgz 0ms (cache hit)
148 http cache extend@https://registry.npmjs.org/extend/-/extend-3.0.2.tgz 0ms (cache hit)
149 http cache express@https://registry.npmjs.org/express/-/express-5.1.0.tgz 0ms (cache hit)
150 http cache etag@https://registry.npmjs.org/etag/-/etag-1.8.1.tgz 0ms (cache hit)
151 http cache es-errors@https://registry.npmjs.org/es-errors/-/es-errors-1.3.0.tgz 0ms (cache hit)
152 http cache es-object-atoms@https://registry.npmjs.org/es-object-atoms/-/es-object-atoms-1.1.1.tgz 0ms (cache hit)
153 http cache escape-html@https://registry.npmjs.org/escape-html/-/escape-html-1.0.3.tgz 0ms (cache hit)
154 http cache es-set-tostringtag@https://registry.npmjs.org/es-set-tostringtag/-/es-set-tostringtag-2.1.0.tgz 0ms (cache hit)
155 http cache es-define-property@https://registry.npmjs.org/es-define-property/-/es-define-property-1.0.1.tgz 0ms (cache hit)
156 http cache engine.io-parser@https://registry.npmjs.org/engine.io-parser/-/engine.io-parser-5.2.3.tgz 0ms (cache hit)
157 http cache engine.io@https://registry.npmjs.org/engine.io/-/engine.io-6.6.4.tgz 0ms (cache hit)
158 http cache encodeurl@https://registry.npmjs.org/encodeurl/-/encodeurl-2.0.0.tgz 0ms (cache hit)
159 http cache ee-first@https://registry.npmjs.org/ee-first/-/ee-first-1.1.1.tgz 0ms (cache hit)
160 http cache ecdsa-sig-formatter@https://registry.npmjs.org/ecdsa-sig-formatter/-/ecdsa-sig-formatter-1.0.11.tgz 0ms (cache hit)
161 http cache dunder-proto@https://registry.npmjs.org/dunder-proto/-/dunder-proto-1.0.1.tgz 0ms (cache hit)
162 http cache dotenv@https://registry.npmjs.org/dotenv/-/dotenv-16.5.0.tgz 1ms (cache hit)
163 http cache depd@https://registry.npmjs.org/depd/-/depd-2.0.0.tgz 0ms (cache hit)
164 http cache delayed-stream@https://registry.npmjs.org/delayed-stream/-/delayed-stream-1.0.0.tgz 0ms (cache hit)
165 http cache deepmerge@https://registry.npmjs.org/deepmerge/-/deepmerge-4.3.1.tgz 0ms (cache hit)
166 http cache crypto@https://registry.npmjs.org/crypto/-/crypto-1.0.1.tgz 0ms (cache hit)
167 http cache debug@https://registry.npmjs.org/debug/-/debug-4.4.1.tgz 0ms (cache hit)
168 http cache cookie-parser@https://registry.npmjs.org/cookie-parser/-/cookie-parser-1.4.7.tgz 0ms (cache hit)
169 http cache cors@https://registry.npmjs.org/cors/-/cors-2.8.5.tgz 0ms (cache hit)
170 http cache cookie-signature@https://registry.npmjs.org/cookie-signature/-/cookie-signature-1.2.2.tgz 0ms (cache hit)
171 http cache cookie@https://registry.npmjs.org/cookie/-/cookie-0.7.2.tgz 0ms (cache hit)
172 http cache content-type@https://registry.npmjs.org/content-type/-/content-type-1.0.5.tgz 0ms (cache hit)
173 http cache content-disposition@https://registry.npmjs.org/content-disposition/-/content-disposition-1.0.0.tgz 0ms (cache hit)
174 http cache concat-map@https://registry.npmjs.org/concat-map/-/concat-map-0.0.1.tgz 0ms (cache hit)
175 http cache combined-stream@https://registry.npmjs.org/combined-stream/-/combined-stream-1.0.8.tgz 0ms (cache hit)
176 http cache concat-stream@https://registry.npmjs.org/concat-stream/-/concat-stream-2.0.0.tgz 0ms (cache hit)
177 http cache cloudinary@https://registry.npmjs.org/cloudinary/-/cloudinary-2.6.1.tgz 0ms (cache hit)
178 http cache chokidar@https://registry.npmjs.org/chokidar/-/chokidar-3.6.0.tgz 0ms (cache hit)
179 http cache call-bound@https://registry.npmjs.org/call-bound/-/call-bound-1.0.4.tgz 0ms (cache hit)
180 http cache call-bind-apply-helpers@https://registry.npmjs.org/call-bind-apply-helpers/-/call-bind-apply-helpers-1.0.2.tgz 0ms (cache hit)
181 http cache busboy@https://registry.npmjs.org/busboy/-/busboy-1.6.0.tgz 0ms (cache hit)
182 http cache buffer-from@https://registry.npmjs.org/buffer-from/-/buffer-from-1.1.2.tgz 0ms (cache hit)
183 http cache bytes@https://registry.npmjs.org/bytes/-/bytes-3.1.2.tgz 0ms (cache hit)
184 http cache bson@https://registry.npmjs.org/bson/-/bson-6.10.3.tgz 0ms (cache hit)
185 http cache brace-expansion@https://registry.npmjs.org/brace-expansion/-/brace-expansion-1.1.12.tgz 0ms (cache hit)
186 http cache buffer-equal-constant-time@https://registry.npmjs.org/buffer-equal-constant-time/-/buffer-equal-constant-time-1.0.1.tgz 0ms (cache hit)
187 http cache braces@https://registry.npmjs.org/braces/-/braces-3.0.3.tgz 0ms (cache hit)
188 http cache body-parser@https://registry.npmjs.org/body-parser/-/body-parser-2.2.0.tgz 0ms (cache hit)
189 http cache binary-extensions@https://registry.npmjs.org/binary-extensions/-/binary-extensions-2.3.0.tgz 0ms (cache hit)
190 http cache bignumber.js@https://registry.npmjs.org/bignumber.js/-/bignumber.js-9.3.0.tgz 0ms (cache hit)
191 http cache bcryptjs@https://registry.npmjs.org/bcryptjs/-/bcryptjs-3.0.2.tgz 0ms (cache hit)
192 http cache base64id@https://registry.npmjs.org/base64id/-/base64id-2.0.0.tgz 0ms (cache hit)
193 http cache base64-js@https://registry.npmjs.org/base64-js/-/base64-js-1.5.1.tgz 0ms (cache hit)
194 http cache append-field@https://registry.npmjs.org/append-field/-/append-field-1.0.0.tgz 0ms (cache hit)
195 http cache axios@https://registry.npmjs.org/axios/-/axios-1.9.0.tgz 0ms (cache hit)
196 http cache asynckit@https://registry.npmjs.org/asynckit/-/asynckit-0.4.0.tgz 0ms (cache hit)
197 http cache balanced-match@https://registry.npmjs.org/balanced-match/-/balanced-match-1.0.2.tgz 0ms (cache hit)
198 http cache anymatch@https://registry.npmjs.org/anymatch/-/anymatch-3.1.3.tgz 0ms (cache hit)
199 http cache accepts@https://registry.npmjs.org/accepts/-/accepts-2.0.0.tgz 0ms (cache hit)
200 http cache @types/whatwg-url@https://registry.npmjs.org/@types/whatwg-url/-/whatwg-url-11.0.5.tgz 0ms (cache hit)
201 http cache @types/node@https://registry.npmjs.org/@types/node/-/node-24.0.0.tgz 0ms (cache hit)
202 http cache @types/webidl-conversions@https://registry.npmjs.org/@types/webidl-conversions/-/webidl-conversions-7.0.3.tgz 0ms (cache hit)
203 http cache @types/cors@https://registry.npmjs.org/@types/cors/-/cors-2.8.19.tgz 0ms (cache hit)
204 http cache @socket.io/component-emitter@https://registry.npmjs.org/@socket.io/component-emitter/-/component-emitter-3.1.2.tgz 0ms (cache hit)
205 http cache agent-base@https://registry.npmjs.org/agent-base/-/agent-base-7.1.3.tgz 0ms (cache hit)
206 http cache @sendgrid/mail@https://registry.npmjs.org/@sendgrid/mail/-/mail-8.1.5.tgz 0ms (cache hit)
207 http cache @sendgrid/helpers@https://registry.npmjs.org/@sendgrid/helpers/-/helpers-8.0.0.tgz 0ms (cache hit)
208 http cache @sendgrid/client@https://registry.npmjs.org/@sendgrid/client/-/client-8.1.5.tgz 0ms (cache hit)
209 http cache @sideway/formula@https://registry.npmjs.org/@sideway/formula/-/formula-3.0.1.tgz 0ms (cache hit)
210 http cache @sideway/address@https://registry.npmjs.org/@sideway/address/-/address-4.1.5.tgz 0ms (cache hit)
211 http cache @sideway/pinpoint@https://registry.npmjs.org/@sideway/pinpoint/-/pinpoint-2.0.0.tgz 0ms (cache hit)
212 http cache @react-oauth/google@https://registry.npmjs.org/@react-oauth/google/-/google-0.12.2.tgz 0ms (cache hit)
213 http cache @hapi/topo@https://registry.npmjs.org/@hapi/topo/-/topo-5.1.0.tgz 0ms (cache hit)
214 http cache @mongodb-js/saslprep@https://registry.npmjs.org/@mongodb-js/saslprep/-/saslprep-1.2.2.tgz 0ms (cache hit)
215 http cache @hapi/hoek@https://registry.npmjs.org/@hapi/hoek/-/hoek-9.3.0.tgz 0ms (cache hit)
216 http cache inherits@https://registry.npmjs.org/inherits/-/inherits-2.0.3.tgz 0ms (cache hit)
217 http cache debug@https://registry.npmjs.org/debug/-/debug-4.3.7.tgz 0ms (cache hit)
218 http cache debug@https://registry.npmjs.org/debug/-/debug-4.3.7.tgz 0ms (cache hit)
219 http cache debug@https://registry.npmjs.org/debug/-/debug-4.3.7.tgz 0ms (cache hit)
220 http cache mime-types@https://registry.npmjs.org/mime-types/-/mime-types-2.1.35.tgz 0ms (cache hit)
221 http cache mime-db@https://registry.npmjs.org/mime-db/-/mime-db-1.52.0.tgz 0ms (cache hit)
222 http cache negotiator@https://registry.npmjs.org/negotiator/-/negotiator-0.6.3.tgz 0ms (cache hit)
223 http cache type-is@https://registry.npmjs.org/type-is/-/type-is-1.6.18.tgz 0ms (cache hit)
224 http cache accepts@https://registry.npmjs.org/accepts/-/accepts-1.3.8.tgz 0ms (cache hit)
225 http cache whatwg-url@https://registry.npmjs.org/whatwg-url/-/whatwg-url-5.0.0.tgz 0ms (cache hit)
226 http cache tr46@https://registry.npmjs.org/tr46/-/tr46-0.0.3.tgz 0ms (cache hit)
227 http cache jws@https://registry.npmjs.org/jws/-/jws-4.0.0.tgz 0ms (cache hit)
228 http cache mime-types@https://registry.npmjs.org/mime-types/-/mime-types-2.1.35.tgz 0ms (cache hit)
229 http cache webidl-conversions@https://registry.npmjs.org/webidl-conversions/-/webidl-conversions-3.0.1.tgz 0ms (cache hit)
230 http cache jwa@https://registry.npmjs.org/jwa/-/jwa-2.0.1.tgz 0ms (cache hit)
231 http cache jws@https://registry.npmjs.org/jws/-/jws-4.0.0.tgz 0ms (cache hit)
232 http cache jwa@https://registry.npmjs.org/jwa/-/jwa-2.0.1.tgz 0ms (cache hit)
233 http cache media-typer@https://registry.npmjs.org/media-typer/-/media-typer-0.3.0.tgz 0ms (cache hit)
234 http cache mime-db@https://registry.npmjs.org/mime-db/-/mime-db-1.52.0.tgz 0ms (cache hit)
235 http cache gcp-metadata@https://registry.npmjs.org/gcp-metadata/-/gcp-metadata-6.1.1.tgz 0ms (cache hit)
236 http cache mime-types@https://registry.npmjs.org/mime-types/-/mime-types-2.1.35.tgz 0ms (cache hit)
237 http cache mime-db@https://registry.npmjs.org/mime-db/-/mime-db-1.52.0.tgz 0ms (cache hit)
238 http cache mime-types@https://registry.npmjs.org/mime-types/-/mime-types-2.1.35.tgz 0ms (cache hit)
239 http cache negotiator@https://registry.npmjs.org/negotiator/-/negotiator-0.6.3.tgz 0ms (cache hit)
240 http cache mime-db@https://registry.npmjs.org/mime-db/-/mime-db-1.52.0.tgz 0ms (cache hit)
241 http cache cookie-signature@https://registry.npmjs.org/cookie-signature/-/cookie-signature-1.0.6.tgz 0ms (cache hit)
242 silly tarball no local data for xtend@https://registry.npmjs.org/xtend/-/xtend-4.0.2.tgz. Extracting by manifest.
243 silly tarball no local data for wrappy@https://registry.npmjs.org/wrappy/-/wrappy-1.0.2.tgz. Extracting by manifest.
244 silly tarball no local data for ws@https://registry.npmjs.org/ws/-/ws-8.17.1.tgz. Extracting by manifest.
245 silly tarball no local data for whatwg-url@https://registry.npmjs.org/whatwg-url/-/whatwg-url-14.2.0.tgz. Extracting by manifest.
246 http cache debug@https://registry.npmjs.org/debug/-/debug-4.3.7.tgz 0ms (cache hit)
247 silly tarball no local data for webidl-conversions@https://registry.npmjs.org/webidl-conversions/-/webidl-conversions-7.0.0.tgz. Extracting by manifest.
248 silly tarball no local data for uuid@https://registry.npmjs.org/uuid/-/uuid-9.0.1.tgz. Extracting by manifest.
249 http cache accepts@https://registry.npmjs.org/accepts/-/accepts-1.3.8.tgz 0ms (cache hit)
250 silly tarball no local data for util@https://registry.npmjs.org/util/-/util-0.10.4.tgz. Extracting by manifest.
251 silly tarball no local data for util-deprecate@https://registry.npmjs.org/util-deprecate/-/util-deprecate-1.0.2.tgz. Extracting by manifest.
252 silly tarball no local data for vary@https://registry.npmjs.org/vary/-/vary-1.1.2.tgz. Extracting by manifest.
253 silly tarball no local data for undici-types@https://registry.npmjs.org/undici-types/-/undici-types-7.8.0.tgz. Extracting by manifest.
254 silly tarball no local data for typedarray@https://registry.npmjs.org/typedarray/-/typedarray-0.0.6.tgz. Extracting by manifest.
255 silly tarball no local data for unpipe@https://registry.npmjs.org/unpipe/-/unpipe-1.0.0.tgz. Extracting by manifest.
256 silly tarball no local data for undefsafe@https://registry.npmjs.org/undefsafe/-/undefsafe-2.0.5.tgz. Extracting by manifest.
257 silly tarball no local data for type-is@https://registry.npmjs.org/type-is/-/type-is-2.0.1.tgz. Extracting by manifest.
258 silly tarball no local data for touch@https://registry.npmjs.org/touch/-/touch-3.1.1.tgz. Extracting by manifest.
259 silly tarball no local data for to-regex-range@https://registry.npmjs.org/to-regex-range/-/to-regex-range-5.0.1.tgz. Extracting by manifest.
260 silly tarball no local data for tr46@https://registry.npmjs.org/tr46/-/tr46-5.1.1.tgz. Extracting by manifest.
261 silly tarball no local data for toidentifier@https://registry.npmjs.org/toidentifier/-/toidentifier-1.0.1.tgz. Extracting by manifest.
262 silly tarball no local data for supports-color@https://registry.npmjs.org/supports-color/-/supports-color-5.5.0.tgz. Extracting by manifest.
263 silly tarball no local data for string_decoder@https://registry.npmjs.org/string_decoder/-/string_decoder-1.3.0.tgz. Extracting by manifest.
264 silly tarball no local data for streamsearch@https://registry.npmjs.org/streamsearch/-/streamsearch-1.1.0.tgz. Extracting by manifest.
265 silly tarball no local data for streamifier@https://registry.npmjs.org/streamifier/-/streamifier-0.1.1.tgz. Extracting by manifest.
266 silly tarball no local data for statuses@https://registry.npmjs.org/statuses/-/statuses-2.0.1.tgz. Extracting by manifest.
267 silly tarball no local data for sparse-bitfield@https://registry.npmjs.org/sparse-bitfield/-/sparse-bitfield-3.0.3.tgz. Extracting by manifest.
268 silly tarball no local data for socket.io-parser@https://registry.npmjs.org/socket.io-parser/-/socket.io-parser-4.2.4.tgz. Extracting by manifest.
269 silly tarball no local data for socket.io@https://registry.npmjs.org/socket.io/-/socket.io-4.8.1.tgz. Extracting by manifest.
270 silly tarball no local data for socket.io-adapter@https://registry.npmjs.org/socket.io-adapter/-/socket.io-adapter-2.5.5.tgz. Extracting by manifest.
271 silly tarball no local data for simple-update-notifier@https://registry.npmjs.org/simple-update-notifier/-/simple-update-notifier-2.0.0.tgz. Extracting by manifest.
272 silly tarball no local data for sift@https://registry.npmjs.org/sift/-/sift-17.1.3.tgz. Extracting by manifest.
273 silly tarball no local data for side-channel-weakmap@https://registry.npmjs.org/side-channel-weakmap/-/side-channel-weakmap-1.0.2.tgz. Extracting by manifest.
274 silly tarball no local data for side-channel@https://registry.npmjs.org/side-channel/-/side-channel-1.1.0.tgz. Extracting by manifest.
275 silly tarball no local data for side-channel-map@https://registry.npmjs.org/side-channel-map/-/side-channel-map-1.0.1.tgz. Extracting by manifest.
276 silly tarball no local data for side-channel-list@https://registry.npmjs.org/side-channel-list/-/side-channel-list-1.0.0.tgz. Extracting by manifest.
277 silly tarball no local data for serve-static@https://registry.npmjs.org/serve-static/-/serve-static-2.2.0.tgz. Extracting by manifest.
278 silly tarball no local data for setprototypeof@https://registry.npmjs.org/setprototypeof/-/setprototypeof-1.2.0.tgz. Extracting by manifest.
279 silly tarball no local data for router@https://registry.npmjs.org/router/-/router-2.2.0.tgz. Extracting by manifest.
280 silly tarball no local data for semver@https://registry.npmjs.org/semver/-/semver-7.7.2.tgz. Extracting by manifest.
281 silly tarball no local data for send@https://registry.npmjs.org/send/-/send-1.2.0.tgz. Extracting by manifest.
282 silly tarball no local data for safer-buffer@https://registry.npmjs.org/safer-buffer/-/safer-buffer-2.1.2.tgz. Extracting by manifest.
283 silly tarball no local data for safe-buffer@https://registry.npmjs.org/safe-buffer/-/safe-buffer-5.2.1.tgz. Extracting by manifest.
284 silly tarball no local data for readdirp@https://registry.npmjs.org/readdirp/-/readdirp-3.6.0.tgz. Extracting by manifest.
285 silly tarball no local data for raw-body@https://registry.npmjs.org/raw-body/-/raw-body-3.0.0.tgz. Extracting by manifest.
286 silly tarball no local data for qs@https://registry.npmjs.org/qs/-/qs-6.14.0.tgz. Extracting by manifest.
287 silly tarball no local data for readable-stream@https://registry.npmjs.org/readable-stream/-/readable-stream-3.6.2.tgz. Extracting by manifest.
288 silly tarball no local data for range-parser@https://registry.npmjs.org/range-parser/-/range-parser-1.2.1.tgz. Extracting by manifest.
289 silly tarball no local data for pstree.remy@https://registry.npmjs.org/pstree.remy/-/pstree.remy-1.1.8.tgz. Extracting by manifest.
290 silly tarball no local data for q@https://registry.npmjs.org/q/-/q-1.5.1.tgz. Extracting by manifest.
291 silly tarball no local data for punycode@https://registry.npmjs.org/punycode/-/punycode-2.3.1.tgz. Extracting by manifest.
292 silly tarball no local data for proxy-from-env@https://registry.npmjs.org/proxy-from-env/-/proxy-from-env-1.1.0.tgz. Extracting by manifest.
293 silly tarball no local data for proxy-addr@https://registry.npmjs.org/proxy-addr/-/proxy-addr-2.0.7.tgz. Extracting by manifest.
294 silly tarball no local data for process@https://registry.npmjs.org/process/-/process-0.11.10.tgz. Extracting by manifest.
295 silly tarball no local data for path-to-regexp@https://registry.npmjs.org/path-to-regexp/-/path-to-regexp-8.2.0.tgz. Extracting by manifest.
296 silly tarball no local data for picomatch@https://registry.npmjs.org/picomatch/-/picomatch-2.3.1.tgz. Extracting by manifest.
297 silly tarball no local data for path@https://registry.npmjs.org/path/-/path-0.12.7.tgz. Extracting by manifest.
298 silly tarball no local data for parseurl@https://registry.npmjs.org/parseurl/-/parseurl-1.3.3.tgz. Extracting by manifest.
299 silly tarball no local data for once@https://registry.npmjs.org/once/-/once-1.4.0.tgz. Extracting by manifest.
300 silly tarball no local data for on-finished@https://registry.npmjs.org/on-finished/-/on-finished-2.4.1.tgz. Extracting by manifest.
301 silly tarball no local data for object-inspect@https://registry.npmjs.org/object-inspect/-/object-inspect-1.13.4.tgz. Extracting by manifest.
302 silly tarball no local data for nodemon@https://registry.npmjs.org/nodemon/-/nodemon-3.1.10.tgz. Extracting by manifest.
303 silly tarball no local data for object-assign@https://registry.npmjs.org/object-assign/-/object-assign-4.1.1.tgz. Extracting by manifest.
304 silly tarball no local data for normalize-path@https://registry.npmjs.org/normalize-path/-/normalize-path-3.0.0.tgz. Extracting by manifest.
305 silly tarball no local data for negotiator@https://registry.npmjs.org/negotiator/-/negotiator-1.0.0.tgz. Extracting by manifest.
306 silly tarball no local data for node-fetch@https://registry.npmjs.org/node-fetch/-/node-fetch-2.7.0.tgz. Extracting by manifest.
307 silly tarball no local data for nodemailer@https://registry.npmjs.org/nodemailer/-/nodemailer-7.0.3.tgz. Extracting by manifest.
308 silly tarball no local data for mquery@https://registry.npmjs.org/mquery/-/mquery-5.0.0.tgz. Extracting by manifest.
309 silly tarball no local data for multer@https://registry.npmjs.org/multer/-/multer-2.0.1.tgz. Extracting by manifest.
310 silly tarball no local data for mpath@https://registry.npmjs.org/mpath/-/mpath-0.9.0.tgz. Extracting by manifest.
311 silly tarball no local data for ms@https://registry.npmjs.org/ms/-/ms-2.1.3.tgz. Extracting by manifest.
312 silly tarball no local data for mongoose@https://registry.npmjs.org/mongoose/-/mongoose-8.15.0.tgz. Extracting by manifest.
313 silly tarball no local data for mongodb-connection-string-url@https://registry.npmjs.org/mongodb-connection-string-url/-/mongodb-connection-string-url-3.0.2.tgz. Extracting by manifest.
314 silly tarball no local data for mongodb@https://registry.npmjs.org/mongodb/-/mongodb-6.16.0.tgz. Extracting by manifest.
315 silly tarball no local data for minimist@https://registry.npmjs.org/minimist/-/minimist-1.2.8.tgz. Extracting by manifest.
316 silly tarball no local data for mkdirp@https://registry.npmjs.org/mkdirp/-/mkdirp-0.5.6.tgz. Extracting by manifest.
317 silly tarball no local data for mime-db@https://registry.npmjs.org/mime-db/-/mime-db-1.54.0.tgz. Extracting by manifest.
318 silly tarball no local data for mime-types@https://registry.npmjs.org/mime-types/-/mime-types-3.0.1.tgz. Extracting by manifest.
319 silly tarball no local data for memory-pager@https://registry.npmjs.org/memory-pager/-/memory-pager-1.5.0.tgz. Extracting by manifest.
320 silly tarball no local data for math-intrinsics@https://registry.npmjs.org/math-intrinsics/-/math-intrinsics-1.1.0.tgz. Extracting by manifest.
321 silly tarball no local data for media-typer@https://registry.npmjs.org/media-typer/-/media-typer-1.1.0.tgz. Extracting by manifest.
322 silly tarball no local data for lodash.isstring@https://registry.npmjs.org/lodash.isstring/-/lodash.isstring-4.0.1.tgz. Extracting by manifest.
323 silly tarball no local data for merge-descriptors@https://registry.npmjs.org/merge-descriptors/-/merge-descriptors-2.0.0.tgz. Extracting by manifest.
324 silly tarball no local data for lodash.isplainobject@https://registry.npmjs.org/lodash.isplainobject/-/lodash.isplainobject-4.0.6.tgz. Extracting by manifest.
325 silly tarball no local data for lodash.once@https://registry.npmjs.org/lodash.once/-/lodash.once-4.1.1.tgz. Extracting by manifest.
326 silly tarball no local data for minimatch@https://registry.npmjs.org/minimatch/-/minimatch-3.1.2.tgz. Extracting by manifest.
327 silly tarball no local data for lodash.isnumber@https://registry.npmjs.org/lodash.isnumber/-/lodash.isnumber-3.0.3.tgz. Extracting by manifest.
328 silly tarball no local data for lodash.isinteger@https://registry.npmjs.org/lodash.isinteger/-/lodash.isinteger-4.0.4.tgz. Extracting by manifest.
329 silly tarball no local data for lodash.isboolean@https://registry.npmjs.org/lodash.isboolean/-/lodash.isboolean-3.0.3.tgz. Extracting by manifest.
330 silly tarball no local data for kareem@https://registry.npmjs.org/kareem/-/kareem-2.6.3.tgz. Extracting by manifest.
331 silly tarball no local data for lodash.includes@https://registry.npmjs.org/lodash.includes/-/lodash.includes-4.3.0.tgz. Extracting by manifest.
332 silly tarball no local data for jws@https://registry.npmjs.org/jws/-/jws-3.2.2.tgz. Extracting by manifest.
333 silly tarball no local data for lodash@https://registry.npmjs.org/lodash/-/lodash-4.17.21.tgz. Extracting by manifest.
334 silly tarball no local data for jwa@https://registry.npmjs.org/jwa/-/jwa-1.4.2.tgz. Extracting by manifest.
335 silly tarball no local data for json-bigint@https://registry.npmjs.org/json-bigint/-/json-bigint-1.0.0.tgz. Extracting by manifest.
336 silly tarball no local data for jsonwebtoken@https://registry.npmjs.org/jsonwebtoken/-/jsonwebtoken-9.0.2.tgz. Extracting by manifest.
337 silly tarball no local data for is-glob@https://registry.npmjs.org/is-glob/-/is-glob-4.0.3.tgz. Extracting by manifest.
338 silly tarball no local data for is-promise@https://registry.npmjs.org/is-promise/-/is-promise-4.0.0.tgz. Extracting by manifest.
339 silly tarball no local data for is-stream@https://registry.npmjs.org/is-stream/-/is-stream-2.0.1.tgz. Extracting by manifest.
340 silly tarball no local data for joi@https://registry.npmjs.org/joi/-/joi-17.13.3.tgz. Extracting by manifest.
341 silly tarball no local data for is-extglob@https://registry.npmjs.org/is-extglob/-/is-extglob-2.1.1.tgz. Extracting by manifest.
342 silly tarball no local data for is-number@https://registry.npmjs.org/is-number/-/is-number-7.0.0.tgz. Extracting by manifest.
343 silly tarball no local data for ipaddr.js@https://registry.npmjs.org/ipaddr.js/-/ipaddr.js-1.9.1.tgz. Extracting by manifest.
344 silly tarball no local data for inherits@https://registry.npmjs.org/inherits/-/inherits-2.0.4.tgz. Extracting by manifest.
345 silly tarball no local data for is-binary-path@https://registry.npmjs.org/is-binary-path/-/is-binary-path-2.1.0.tgz. Extracting by manifest.
346 silly tarball no local data for ignore-by-default@https://registry.npmjs.org/ignore-by-default/-/ignore-by-default-1.0.1.tgz. Extracting by manifest.
347 silly tarball no local data for iconv-lite@https://registry.npmjs.org/iconv-lite/-/iconv-lite-0.6.3.tgz. Extracting by manifest.
348 silly tarball no local data for hasown@https://registry.npmjs.org/hasown/-/hasown-2.0.2.tgz. Extracting by manifest.
349 silly tarball no local data for https-proxy-agent@https://registry.npmjs.org/https-proxy-agent/-/https-proxy-agent-7.0.6.tgz. Extracting by manifest.
350 silly tarball no local data for http-errors@https://registry.npmjs.org/http-errors/-/http-errors-2.0.0.tgz. Extracting by manifest.
351 silly tarball no local data for has-tostringtag@https://registry.npmjs.org/has-tostringtag/-/has-tostringtag-1.0.2.tgz. Extracting by manifest.
352 silly tarball no local data for has-flag@https://registry.npmjs.org/has-flag/-/has-flag-3.0.0.tgz. Extracting by manifest.
353 silly tarball no local data for has-symbols@https://registry.npmjs.org/has-symbols/-/has-symbols-1.1.0.tgz. Extracting by manifest.
354 silly tarball no local data for gtoken@https://registry.npmjs.org/gtoken/-/gtoken-7.1.0.tgz. Extracting by manifest.
355 silly tarball no local data for glob-parent@https://registry.npmjs.org/glob-parent/-/glob-parent-5.1.2.tgz. Extracting by manifest.
356 silly tarball no local data for gopd@https://registry.npmjs.org/gopd/-/gopd-1.2.0.tgz. Extracting by manifest.
357 silly tarball no local data for get-proto@https://registry.npmjs.org/get-proto/-/get-proto-1.0.1.tgz. Extracting by manifest.
358 silly tarball no local data for get-intrinsic@https://registry.npmjs.org/get-intrinsic/-/get-intrinsic-1.3.0.tgz. Extracting by manifest.
359 silly tarball no local data for google-auth-library@https://registry.npmjs.org/google-auth-library/-/google-auth-library-9.15.1.tgz. Extracting by manifest.
360 silly tarball no local data for google-logging-utils@https://registry.npmjs.org/google-logging-utils/-/google-logging-utils-0.0.2.tgz. Extracting by manifest.
361 silly tarball no local data for gaxios@https://registry.npmjs.org/gaxios/-/gaxios-6.7.1.tgz. Extracting by manifest.
362 silly tarball no local data for function-bind@https://registry.npmjs.org/function-bind/-/function-bind-1.1.2.tgz. Extracting by manifest.
363 silly tarball no local data for forwarded@https://registry.npmjs.org/forwarded/-/forwarded-0.2.0.tgz. Extracting by manifest.
364 silly tarball no local data for follow-redirects@https://registry.npmjs.org/follow-redirects/-/follow-redirects-1.15.9.tgz. Extracting by manifest.
365 silly tarball no local data for form-data@https://registry.npmjs.org/form-data/-/form-data-4.0.2.tgz. Extracting by manifest.
366 silly tarball no local data for fill-range@https://registry.npmjs.org/fill-range/-/fill-range-7.1.1.tgz. Extracting by manifest.
367 silly tarball no local data for finalhandler@https://registry.npmjs.org/finalhandler/-/finalhandler-2.1.0.tgz. Extracting by manifest.
368 silly tarball no local data for fresh@https://registry.npmjs.org/fresh/-/fresh-2.0.0.tgz. Extracting by manifest.
369 silly tarball no local data for extend@https://registry.npmjs.org/extend/-/extend-3.0.2.tgz. Extracting by manifest.
370 silly tarball no local data for express@https://registry.npmjs.org/express/-/express-5.1.0.tgz. Extracting by manifest.
371 silly tarball no local data for etag@https://registry.npmjs.org/etag/-/etag-1.8.1.tgz. Extracting by manifest.
372 silly tarball no local data for es-errors@https://registry.npmjs.org/es-errors/-/es-errors-1.3.0.tgz. Extracting by manifest.
373 silly tarball no local data for es-object-atoms@https://registry.npmjs.org/es-object-atoms/-/es-object-atoms-1.1.1.tgz. Extracting by manifest.
374 silly tarball no local data for escape-html@https://registry.npmjs.org/escape-html/-/escape-html-1.0.3.tgz. Extracting by manifest.
375 silly tarball no local data for es-set-tostringtag@https://registry.npmjs.org/es-set-tostringtag/-/es-set-tostringtag-2.1.0.tgz. Extracting by manifest.
376 silly tarball no local data for es-define-property@https://registry.npmjs.org/es-define-property/-/es-define-property-1.0.1.tgz. Extracting by manifest.
377 silly tarball no local data for engine.io-parser@https://registry.npmjs.org/engine.io-parser/-/engine.io-parser-5.2.3.tgz. Extracting by manifest.
378 silly tarball no local data for engine.io@https://registry.npmjs.org/engine.io/-/engine.io-6.6.4.tgz. Extracting by manifest.
379 silly tarball no local data for encodeurl@https://registry.npmjs.org/encodeurl/-/encodeurl-2.0.0.tgz. Extracting by manifest.
380 silly tarball no local data for ee-first@https://registry.npmjs.org/ee-first/-/ee-first-1.1.1.tgz. Extracting by manifest.
381 silly tarball no local data for ecdsa-sig-formatter@https://registry.npmjs.org/ecdsa-sig-formatter/-/ecdsa-sig-formatter-1.0.11.tgz. Extracting by manifest.
382 silly tarball no local data for dunder-proto@https://registry.npmjs.org/dunder-proto/-/dunder-proto-1.0.1.tgz. Extracting by manifest.
383 silly tarball no local data for dotenv@https://registry.npmjs.org/dotenv/-/dotenv-16.5.0.tgz. Extracting by manifest.
384 silly tarball no local data for depd@https://registry.npmjs.org/depd/-/depd-2.0.0.tgz. Extracting by manifest.
385 silly tarball no local data for delayed-stream@https://registry.npmjs.org/delayed-stream/-/delayed-stream-1.0.0.tgz. Extracting by manifest.
386 silly tarball no local data for deepmerge@https://registry.npmjs.org/deepmerge/-/deepmerge-4.3.1.tgz. Extracting by manifest.
387 silly tarball no local data for crypto@https://registry.npmjs.org/crypto/-/crypto-1.0.1.tgz. Extracting by manifest.
388 silly tarball no local data for debug@https://registry.npmjs.org/debug/-/debug-4.4.1.tgz. Extracting by manifest.
389 silly tarball no local data for cookie-parser@https://registry.npmjs.org/cookie-parser/-/cookie-parser-1.4.7.tgz. Extracting by manifest.
390 silly tarball no local data for cors@https://registry.npmjs.org/cors/-/cors-2.8.5.tgz. Extracting by manifest.
391 silly tarball no local data for cookie-signature@https://registry.npmjs.org/cookie-signature/-/cookie-signature-1.2.2.tgz. Extracting by manifest.
392 silly tarball no local data for cookie@https://registry.npmjs.org/cookie/-/cookie-0.7.2.tgz. Extracting by manifest.
393 silly tarball no local data for content-type@https://registry.npmjs.org/content-type/-/content-type-1.0.5.tgz. Extracting by manifest.
394 silly tarball no local data for content-disposition@https://registry.npmjs.org/content-disposition/-/content-disposition-1.0.0.tgz. Extracting by manifest.
395 silly tarball no local data for concat-map@https://registry.npmjs.org/concat-map/-/concat-map-0.0.1.tgz. Extracting by manifest.
396 silly tarball no local data for combined-stream@https://registry.npmjs.org/combined-stream/-/combined-stream-1.0.8.tgz. Extracting by manifest.
397 silly tarball no local data for concat-stream@https://registry.npmjs.org/concat-stream/-/concat-stream-2.0.0.tgz. Extracting by manifest.
398 silly tarball no local data for cloudinary@https://registry.npmjs.org/cloudinary/-/cloudinary-2.6.1.tgz. Extracting by manifest.
399 silly tarball no local data for chokidar@https://registry.npmjs.org/chokidar/-/chokidar-3.6.0.tgz. Extracting by manifest.
400 silly tarball no local data for call-bound@https://registry.npmjs.org/call-bound/-/call-bound-1.0.4.tgz. Extracting by manifest.
401 silly tarball no local data for call-bind-apply-helpers@https://registry.npmjs.org/call-bind-apply-helpers/-/call-bind-apply-helpers-1.0.2.tgz. Extracting by manifest.
402 silly tarball no local data for busboy@https://registry.npmjs.org/busboy/-/busboy-1.6.0.tgz. Extracting by manifest.
403 silly tarball no local data for bytes@https://registry.npmjs.org/bytes/-/bytes-3.1.2.tgz. Extracting by manifest.
404 silly tarball no local data for buffer-from@https://registry.npmjs.org/buffer-from/-/buffer-from-1.1.2.tgz. Extracting by manifest.
405 silly tarball no local data for bson@https://registry.npmjs.org/bson/-/bson-6.10.3.tgz. Extracting by manifest.
406 silly tarball no local data for brace-expansion@https://registry.npmjs.org/brace-expansion/-/brace-expansion-1.1.12.tgz. Extracting by manifest.
407 silly tarball no local data for buffer-equal-constant-time@https://registry.npmjs.org/buffer-equal-constant-time/-/buffer-equal-constant-time-1.0.1.tgz. Extracting by manifest.
408 silly tarball no local data for braces@https://registry.npmjs.org/braces/-/braces-3.0.3.tgz. Extracting by manifest.
409 silly tarball no local data for body-parser@https://registry.npmjs.org/body-parser/-/body-parser-2.2.0.tgz. Extracting by manifest.
410 silly tarball no local data for binary-extensions@https://registry.npmjs.org/binary-extensions/-/binary-extensions-2.3.0.tgz. Extracting by manifest.
411 silly tarball no local data for bignumber.js@https://registry.npmjs.org/bignumber.js/-/bignumber.js-9.3.0.tgz. Extracting by manifest.
412 silly tarball no local data for bcryptjs@https://registry.npmjs.org/bcryptjs/-/bcryptjs-3.0.2.tgz. Extracting by manifest.
413 silly tarball no local data for base64id@https://registry.npmjs.org/base64id/-/base64id-2.0.0.tgz. Extracting by manifest.
414 silly tarball no local data for base64-js@https://registry.npmjs.org/base64-js/-/base64-js-1.5.1.tgz. Extracting by manifest.
415 silly tarball no local data for append-field@https://registry.npmjs.org/append-field/-/append-field-1.0.0.tgz. Extracting by manifest.
416 silly tarball no local data for axios@https://registry.npmjs.org/axios/-/axios-1.9.0.tgz. Extracting by manifest.
417 silly tarball no local data for asynckit@https://registry.npmjs.org/asynckit/-/asynckit-0.4.0.tgz. Extracting by manifest.
418 silly tarball no local data for balanced-match@https://registry.npmjs.org/balanced-match/-/balanced-match-1.0.2.tgz. Extracting by manifest.
419 silly tarball no local data for anymatch@https://registry.npmjs.org/anymatch/-/anymatch-3.1.3.tgz. Extracting by manifest.
420 silly tarball no local data for accepts@https://registry.npmjs.org/accepts/-/accepts-2.0.0.tgz. Extracting by manifest.
421 silly tarball no local data for @types/whatwg-url@https://registry.npmjs.org/@types/whatwg-url/-/whatwg-url-11.0.5.tgz. Extracting by manifest.
422 silly tarball no local data for @types/node@https://registry.npmjs.org/@types/node/-/node-24.0.0.tgz. Extracting by manifest.
423 silly tarball no local data for @types/webidl-conversions@https://registry.npmjs.org/@types/webidl-conversions/-/webidl-conversions-7.0.3.tgz. Extracting by manifest.
424 silly tarball no local data for @types/cors@https://registry.npmjs.org/@types/cors/-/cors-2.8.19.tgz. Extracting by manifest.
425 silly tarball no local data for @socket.io/component-emitter@https://registry.npmjs.org/@socket.io/component-emitter/-/component-emitter-3.1.2.tgz. Extracting by manifest.
426 silly tarball no local data for agent-base@https://registry.npmjs.org/agent-base/-/agent-base-7.1.3.tgz. Extracting by manifest.
427 silly tarball no local data for @sendgrid/mail@https://registry.npmjs.org/@sendgrid/mail/-/mail-8.1.5.tgz. Extracting by manifest.
428 silly tarball no local data for @sendgrid/helpers@https://registry.npmjs.org/@sendgrid/helpers/-/helpers-8.0.0.tgz. Extracting by manifest.
429 silly tarball no local data for @sendgrid/client@https://registry.npmjs.org/@sendgrid/client/-/client-8.1.5.tgz. Extracting by manifest.
430 silly tarball no local data for @sideway/formula@https://registry.npmjs.org/@sideway/formula/-/formula-3.0.1.tgz. Extracting by manifest.
431 silly tarball no local data for @sideway/address@https://registry.npmjs.org/@sideway/address/-/address-4.1.5.tgz. Extracting by manifest.
432 silly tarball no local data for @sideway/pinpoint@https://registry.npmjs.org/@sideway/pinpoint/-/pinpoint-2.0.0.tgz. Extracting by manifest.
433 silly tarball no local data for @react-oauth/google@https://registry.npmjs.org/@react-oauth/google/-/google-0.12.2.tgz. Extracting by manifest.
434 silly tarball no local data for @hapi/topo@https://registry.npmjs.org/@hapi/topo/-/topo-5.1.0.tgz. Extracting by manifest.
435 silly tarball no local data for @mongodb-js/saslprep@https://registry.npmjs.org/@mongodb-js/saslprep/-/saslprep-1.2.2.tgz. Extracting by manifest.
436 silly tarball no local data for @hapi/hoek@https://registry.npmjs.org/@hapi/hoek/-/hoek-9.3.0.tgz. Extracting by manifest.
437 silly tarball no local data for inherits@https://registry.npmjs.org/inherits/-/inherits-2.0.3.tgz. Extracting by manifest.
438 silly tarball no local data for debug@https://registry.npmjs.org/debug/-/debug-4.3.7.tgz. Extracting by manifest.
439 silly tarball no local data for debug@https://registry.npmjs.org/debug/-/debug-4.3.7.tgz. Extracting by manifest.
440 silly tarball no local data for debug@https://registry.npmjs.org/debug/-/debug-4.3.7.tgz. Extracting by manifest.
441 silly tarball no local data for mime-types@https://registry.npmjs.org/mime-types/-/mime-types-2.1.35.tgz. Extracting by manifest.
442 silly tarball no local data for mime-db@https://registry.npmjs.org/mime-db/-/mime-db-1.52.0.tgz. Extracting by manifest.
443 silly tarball no local data for negotiator@https://registry.npmjs.org/negotiator/-/negotiator-0.6.3.tgz. Extracting by manifest.
444 silly tarball no local data for type-is@https://registry.npmjs.org/type-is/-/type-is-1.6.18.tgz. Extracting by manifest.
445 silly tarball no local data for accepts@https://registry.npmjs.org/accepts/-/accepts-1.3.8.tgz. Extracting by manifest.
446 silly tarball no local data for whatwg-url@https://registry.npmjs.org/whatwg-url/-/whatwg-url-5.0.0.tgz. Extracting by manifest.
447 silly tarball no local data for tr46@https://registry.npmjs.org/tr46/-/tr46-0.0.3.tgz. Extracting by manifest.
448 silly tarball no local data for jws@https://registry.npmjs.org/jws/-/jws-4.0.0.tgz. Extracting by manifest.
449 silly tarball no local data for mime-types@https://registry.npmjs.org/mime-types/-/mime-types-2.1.35.tgz. Extracting by manifest.
450 silly tarball no local data for webidl-conversions@https://registry.npmjs.org/webidl-conversions/-/webidl-conversions-3.0.1.tgz. Extracting by manifest.
451 silly tarball no local data for jwa@https://registry.npmjs.org/jwa/-/jwa-2.0.1.tgz. Extracting by manifest.
452 silly tarball no local data for jws@https://registry.npmjs.org/jws/-/jws-4.0.0.tgz. Extracting by manifest.
453 silly tarball no local data for jwa@https://registry.npmjs.org/jwa/-/jwa-2.0.1.tgz. Extracting by manifest.
454 silly tarball no local data for media-typer@https://registry.npmjs.org/media-typer/-/media-typer-0.3.0.tgz. Extracting by manifest.
455 silly tarball no local data for mime-db@https://registry.npmjs.org/mime-db/-/mime-db-1.52.0.tgz. Extracting by manifest.
456 silly tarball no local data for gcp-metadata@https://registry.npmjs.org/gcp-metadata/-/gcp-metadata-6.1.1.tgz. Extracting by manifest.
457 silly tarball no local data for mime-types@https://registry.npmjs.org/mime-types/-/mime-types-2.1.35.tgz. Extracting by manifest.
458 silly tarball no local data for mime-db@https://registry.npmjs.org/mime-db/-/mime-db-1.52.0.tgz. Extracting by manifest.
459 silly tarball no local data for mime-types@https://registry.npmjs.org/mime-types/-/mime-types-2.1.35.tgz. Extracting by manifest.
460 silly tarball no local data for negotiator@https://registry.npmjs.org/negotiator/-/negotiator-0.6.3.tgz. Extracting by manifest.
461 silly tarball no local data for mime-db@https://registry.npmjs.org/mime-db/-/mime-db-1.52.0.tgz. Extracting by manifest.
462 silly tarball no local data for cookie-signature@https://registry.npmjs.org/cookie-signature/-/cookie-signature-1.0.6.tgz. Extracting by manifest.
463 silly tarball no local data for debug@https://registry.npmjs.org/debug/-/debug-4.3.7.tgz. Extracting by manifest.
464 silly tarball no local data for accepts@https://registry.npmjs.org/accepts/-/accepts-1.3.8.tgz. Extracting by manifest.
465 http fetch GET 200 https://registry.npmjs.org/npm 2237ms
466 http fetch GET 200 https://registry.npmjs.org/socket.io-adapter/-/socket.io-adapter-2.5.5.tgz 2601ms (cache miss)
467 http fetch GET 200 https://registry.npmjs.org/touch/-/touch-3.1.1.tgz 2660ms (cache miss)
468 http fetch GET 200 https://registry.npmjs.org/toidentifier/-/toidentifier-1.0.1.tgz 2776ms (cache miss)
469 http fetch GET 200 https://registry.npmjs.org/wrappy/-/wrappy-1.0.2.tgz 2993ms (cache miss)
470 http fetch GET 200 https://registry.npmjs.org/supports-color/-/supports-color-5.5.0.tgz 3098ms (cache miss)
471 http fetch GET 200 https://registry.npmjs.org/string_decoder/-/string_decoder-1.3.0.tgz 3125ms (cache miss)
472 http fetch GET 200 https://registry.npmjs.org/util-deprecate/-/util-deprecate-1.0.2.tgz 3192ms (cache miss)
473 http fetch GET 200 https://registry.npmjs.org/xtend/-/xtend-4.0.2.tgz 3240ms (cache miss)
474 http fetch GET 200 https://registry.npmjs.org/side-channel-weakmap/-/side-channel-weakmap-1.0.2.tgz 3482ms (cache miss)
475 http fetch GET 200 https://registry.npmjs.org/to-regex-range/-/to-regex-range-5.0.1.tgz 3624ms (cache miss)
476 http fetch GET 200 https://registry.npmjs.org/vary/-/vary-1.1.2.tgz 3633ms (cache miss)
477 http fetch GET 200 https://registry.npmjs.org/unpipe/-/unpipe-1.0.0.tgz 3631ms (cache miss)
478 http fetch GET 200 https://registry.npmjs.org/streamifier/-/streamifier-0.1.1.tgz 3624ms (cache miss)
479 http fetch GET 200 https://registry.npmjs.org/webidl-conversions/-/webidl-conversions-7.0.0.tgz 3728ms (cache miss)
480 http fetch GET 200 https://registry.npmjs.org/type-is/-/type-is-2.0.1.tgz 3722ms (cache miss)
481 http fetch GET 200 https://registry.npmjs.org/util/-/util-0.10.4.tgz 4554ms (cache miss)
482 http fetch GET 200 https://registry.npmjs.org/statuses/-/statuses-2.0.1.tgz 4701ms (cache miss)
483 http fetch GET 200 https://registry.npmjs.org/range-parser/-/range-parser-1.2.1.tgz 4814ms (cache miss)
484 http fetch GET 200 https://registry.npmjs.org/setprototypeof/-/setprototypeof-1.2.0.tgz 4825ms (cache miss)
485 http fetch GET 200 https://registry.npmjs.org/sparse-bitfield/-/sparse-bitfield-3.0.3.tgz 4987ms (cache miss)
486 http fetch GET 200 https://registry.npmjs.org/object-assign/-/object-assign-4.1.1.tgz 5251ms (cache miss)
487 http fetch GET 200 https://registry.npmjs.org/typedarray/-/typedarray-0.0.6.tgz 5302ms (cache miss)
488 http fetch GET 200 https://registry.npmjs.org/once/-/once-1.4.0.tgz 5267ms (cache miss)
489 http fetch GET 200 https://registry.npmjs.org/parseurl/-/parseurl-1.3.3.tgz 5325ms (cache miss)
490 http fetch GET 200 https://registry.npmjs.org/serve-static/-/serve-static-2.2.0.tgz 5449ms (cache miss)
491 http fetch GET 200 https://registry.npmjs.org/streamsearch/-/streamsearch-1.1.0.tgz 5592ms (cache miss)
492 http fetch GET 200 https://registry.npmjs.org/normalize-path/-/normalize-path-3.0.0.tgz 5658ms (cache miss)
493 http fetch GET 200 https://registry.npmjs.org/on-finished/-/on-finished-2.4.1.tgz 5717ms (cache miss)
494 http fetch GET 200 https://registry.npmjs.org/ms/-/ms-2.1.3.tgz 5712ms (cache miss)
495 http fetch GET 200 https://registry.npmjs.org/punycode/-/punycode-2.3.1.tgz 6001ms (cache miss)
496 http fetch GET 200 https://registry.npmjs.org/router/-/router-2.2.0.tgz 6011ms (cache miss)
497 http fetch GET 200 https://registry.npmjs.org/mkdirp/-/mkdirp-0.5.6.tgz 6004ms (cache miss)
498 http fetch GET 200 https://registry.npmjs.org/math-intrinsics/-/math-intrinsics-1.1.0.tgz 6004ms (cache miss)
499 http fetch GET 200 https://registry.npmjs.org/undefsafe/-/undefsafe-2.0.5.tgz 6061ms (cache miss)
500 http fetch GET 200 https://registry.npmjs.org/memory-pager/-/memory-pager-1.5.0.tgz 6085ms (cache miss)
501 http fetch GET 200 https://registry.npmjs.org/lodash.isplainobject/-/lodash.isplainobject-4.0.6.tgz 6082ms (cache miss)
502 http fetch GET 200 https://registry.npmjs.org/lodash.isstring/-/lodash.isstring-4.0.1.tgz 6084ms (cache miss)
503 http fetch GET 200 https://registry.npmjs.org/readdirp/-/readdirp-3.6.0.tgz 6209ms (cache miss)
504 http fetch GET 200 https://registry.npmjs.org/lodash.isinteger/-/lodash.isinteger-4.0.4.tgz 6178ms (cache miss)
505 http fetch GET 200 https://registry.npmjs.org/lodash.includes/-/lodash.includes-4.3.0.tgz 6178ms (cache miss)
506 http fetch GET 200 https://registry.npmjs.org/lodash.isnumber/-/lodash.isnumber-3.0.3.tgz 6184ms (cache miss)
507 http fetch GET 200 https://registry.npmjs.org/merge-descriptors/-/merge-descriptors-2.0.0.tgz 6252ms (cache miss)
508 http fetch GET 200 https://registry.npmjs.org/is-promise/-/is-promise-4.0.0.tgz 6245ms (cache miss)
509 http fetch GET 200 https://registry.npmjs.org/media-typer/-/media-typer-1.1.0.tgz 6262ms (cache miss)
510 http fetch GET 200 https://registry.npmjs.org/process/-/process-0.11.10.tgz 6357ms (cache miss)
511 http fetch GET 200 https://registry.npmjs.org/lodash.isboolean/-/lodash.isboolean-3.0.3.tgz 6338ms (cache miss)
512 http fetch GET 200 https://registry.npmjs.org/is-extglob/-/is-extglob-2.1.1.tgz 6331ms (cache miss)
513 http fetch GET 200 https://registry.npmjs.org/is-glob/-/is-glob-4.0.3.tgz 6336ms (cache miss)
514 http fetch GET 200 https://registry.npmjs.org/proxy-from-env/-/proxy-from-env-1.1.0.tgz 6412ms (cache miss)
515 http fetch GET 200 https://registry.npmjs.org/jwa/-/jwa-1.4.2.tgz 6376ms (cache miss)
516 http fetch GET 200 https://registry.npmjs.org/lodash.once/-/lodash.once-4.1.1.tgz 6385ms (cache miss)
517 http fetch GET 200 https://registry.npmjs.org/ignore-by-default/-/ignore-by-default-1.0.1.tgz 6373ms (cache miss)
518 http fetch GET 200 https://registry.npmjs.org/hasown/-/hasown-2.0.2.tgz 6376ms (cache miss)
519 http fetch GET 200 https://registry.npmjs.org/minimatch/-/minimatch-3.1.2.tgz 6478ms (cache miss)
520 http fetch GET 200 https://registry.npmjs.org/inherits/-/inherits-2.0.4.tgz 6468ms (cache miss)
521 http fetch GET 200 https://registry.npmjs.org/is-binary-path/-/is-binary-path-2.1.0.tgz 6466ms (cache miss)
522 http fetch GET 200 https://registry.npmjs.org/is-number/-/is-number-7.0.0.tgz 6475ms (cache miss)
523 http fetch GET 200 https://registry.npmjs.org/proxy-addr/-/proxy-addr-2.0.7.tgz 6581ms (cache miss)
524 http fetch GET 200 https://registry.npmjs.org/raw-body/-/raw-body-3.0.0.tgz 6588ms (cache miss)
525 http fetch GET 200 https://registry.npmjs.org/has-symbols/-/has-symbols-1.1.0.tgz 6518ms (cache miss)
526 http fetch GET 200 https://registry.npmjs.org/get-proto/-/get-proto-1.0.1.tgz 6525ms (cache miss)
527 http fetch GET 200 https://registry.npmjs.org/has-flag/-/has-flag-3.0.0.tgz 6533ms (cache miss)
528 http fetch GET 200 https://registry.npmjs.org/forwarded/-/forwarded-0.2.0.tgz 6525ms (cache miss)
529 http fetch GET 200 https://registry.npmjs.org/http-errors/-/http-errors-2.0.0.tgz 6550ms (cache miss)
530 http fetch GET 200 https://registry.npmjs.org/gopd/-/gopd-1.2.0.tgz 6540ms (cache miss)
531 http fetch GET 200 https://registry.npmjs.org/is-stream/-/is-stream-2.0.1.tgz 6609ms (cache miss)
532 http fetch GET 200 https://registry.npmjs.org/es-errors/-/es-errors-1.3.0.tgz 6530ms (cache miss)
533 http fetch GET 200 https://registry.npmjs.org/fill-range/-/fill-range-7.1.1.tgz 6587ms (cache miss)
534 http fetch GET 200 https://registry.npmjs.org/glob-parent/-/glob-parent-5.1.2.tgz 6777ms (cache miss)
535 http fetch GET 200 https://registry.npmjs.org/ee-first/-/ee-first-1.1.1.tgz 6827ms (cache miss)
536 http fetch GET 200 https://registry.npmjs.org/extend/-/extend-3.0.2.tgz 6939ms (cache miss)
537 http fetch GET 200 https://registry.npmjs.org/es-set-tostringtag/-/es-set-tostringtag-2.1.0.tgz 6958ms (cache miss)
538 http fetch GET 200 https://registry.npmjs.org/encodeurl/-/encodeurl-2.0.0.tgz 6955ms (cache miss)
539 http fetch GET 200 https://registry.npmjs.org/escape-html/-/escape-html-1.0.3.tgz 6962ms (cache miss)
540 http fetch GET 200 https://registry.npmjs.org/content-type/-/content-type-1.0.5.tgz 6942ms (cache miss)
541 http fetch GET 200 https://registry.npmjs.org/safe-buffer/-/safe-buffer-5.2.1.tgz 7125ms (cache miss)
542 http fetch GET 200 https://registry.npmjs.org/finalhandler/-/finalhandler-2.1.0.tgz 7033ms (cache miss)
543 http fetch GET 200 https://registry.npmjs.org/crypto/-/crypto-1.0.1.tgz 7012ms (cache miss)
544 warn deprecated crypto@1.0.1: This package is no longer supported. It's now a built-in Node module. If you've depended on crypto, you should switch to the one that's built-in.
545 http fetch GET 200 https://registry.npmjs.org/cookie-parser/-/cookie-parser-1.4.7.tgz 7020ms (cache miss)
546 http fetch GET 200 https://registry.npmjs.org/fresh/-/fresh-2.0.0.tgz 7056ms (cache miss)
547 http fetch GET 200 https://registry.npmjs.org/concat-map/-/concat-map-0.0.1.tgz 7017ms (cache miss)
548 http fetch GET 200 https://registry.npmjs.org/safer-buffer/-/safer-buffer-2.1.2.tgz 7191ms (cache miss)
549 http fetch GET 200 https://registry.npmjs.org/send/-/send-1.2.0.tgz 7197ms (cache miss)
550 http fetch GET 200 https://registry.npmjs.org/mime-types/-/mime-types-3.0.1.tgz 7167ms (cache miss)
551 http fetch GET 200 https://registry.npmjs.org/json-bigint/-/json-bigint-1.0.0.tgz 7158ms (cache miss)
552 http fetch GET 200 https://registry.npmjs.org/dunder-proto/-/dunder-proto-1.0.1.tgz 7181ms (cache miss)
553 http fetch GET 200 https://registry.npmjs.org/etag/-/etag-1.8.1.tgz 7205ms (cache miss)
554 http fetch GET 200 https://registry.npmjs.org/cookie-signature/-/cookie-signature-1.2.2.tgz 7198ms (cache miss)
555 http fetch GET 200 https://registry.npmjs.org/path/-/path-0.12.7.tgz 7343ms (cache miss)
556 http fetch GET 200 https://registry.npmjs.org/concat-stream/-/concat-stream-2.0.0.tgz 7198ms (cache miss)
557 http fetch GET 200 https://registry.npmjs.org/content-disposition/-/content-disposition-1.0.0.tgz 7318ms (cache miss)
558 http fetch GET 200 https://registry.npmjs.org/delayed-stream/-/delayed-stream-1.0.0.tgz 7333ms (cache miss)
559 http fetch GET 200 https://registry.npmjs.org/cookie/-/cookie-0.7.2.tgz 7362ms (cache miss)
560 http fetch GET 200 https://registry.npmjs.org/buffer-from/-/buffer-from-1.1.2.tgz 7359ms (cache miss)
561 http fetch GET 200 https://registry.npmjs.org/bytes/-/bytes-3.1.2.tgz 7364ms (cache miss)
562 http fetch GET 200 https://registry.npmjs.org/es-define-property/-/es-define-property-1.0.1.tgz 7472ms (cache miss)
563 http fetch GET 200 https://registry.npmjs.org/debug/-/debug-4.4.1.tgz 7460ms (cache miss)
564 http fetch GET 200 https://registry.npmjs.org/combined-stream/-/combined-stream-1.0.8.tgz 7464ms (cache miss)
565 http fetch GET 200 https://registry.npmjs.org/negotiator/-/negotiator-1.0.0.tgz 7611ms (cache miss)
566 http fetch GET 200 https://registry.npmjs.org/ipaddr.js/-/ipaddr.js-1.9.1.tgz 7603ms (cache miss)
567 http fetch GET 200 https://registry.npmjs.org/side-channel-map/-/side-channel-map-1.0.1.tgz 7768ms (cache miss)
568 http fetch GET 200 https://registry.npmjs.org/kareem/-/kareem-2.6.3.tgz 7741ms (cache miss)
569 http fetch GET 200 https://registry.npmjs.org/buffer-equal-constant-time/-/buffer-equal-constant-time-1.0.1.tgz 7616ms (cache miss)
570 http fetch GET 200 https://registry.npmjs.org/binary-extensions/-/binary-extensions-2.3.0.tgz 7642ms (cache miss)
571 http fetch GET 200 https://registry.npmjs.org/gtoken/-/gtoken-7.1.0.tgz 7741ms (cache miss)
572 http fetch GET 200 https://registry.npmjs.org/base64id/-/base64id-2.0.0.tgz 7642ms (cache miss)
573 http fetch GET 200 https://registry.npmjs.org/mime-db/-/mime-db-1.54.0.tgz 7805ms (cache miss)
574 http fetch GET 200 https://registry.npmjs.org/path-to-regexp/-/path-to-regexp-8.2.0.tgz 7917ms (cache miss)
575 http fetch GET 200 https://registry.npmjs.org/braces/-/braces-3.0.3.tgz 7762ms (cache miss)
576 http fetch GET 200 https://registry.npmjs.org/follow-redirects/-/follow-redirects-1.15.9.tgz 7850ms (cache miss)
577 http fetch GET 200 https://registry.npmjs.org/append-field/-/append-field-1.0.0.tgz 7777ms (cache miss)
578 http fetch GET 200 https://registry.npmjs.org/brace-expansion/-/brace-expansion-1.1.12.tgz 7813ms (cache miss)
579 http fetch GET 200 https://registry.npmjs.org/@types/webidl-conversions/-/webidl-conversions-7.0.3.tgz 7781ms (cache miss)
580 http fetch GET 200 https://registry.npmjs.org/jws/-/jws-3.2.2.tgz 7956ms (cache miss)
581 http fetch GET 200 https://registry.npmjs.org/@socket.io/component-emitter/-/component-emitter-3.1.2.tgz 7849ms (cache miss)
582 http fetch GET 200 https://registry.npmjs.org/side-channel-list/-/side-channel-list-1.0.0.tgz 8073ms (cache miss)
583 http fetch GET 200 https://registry.npmjs.org/side-channel/-/side-channel-1.1.0.tgz 8077ms (cache miss)
584 http fetch GET 200 https://registry.npmjs.org/form-data/-/form-data-4.0.2.tgz 8003ms (cache miss)
585 http fetch GET 200 https://registry.npmjs.org/depd/-/depd-2.0.0.tgz 7949ms (cache miss)
586 http fetch GET 200 https://registry.npmjs.org/@sendgrid/mail/-/mail-8.1.5.tgz 7888ms (cache miss)
587 http fetch GET 200 https://registry.npmjs.org/cors/-/cors-2.8.5.tgz 7946ms (cache miss)
588 http fetch GET 200 https://registry.npmjs.org/ecdsa-sig-formatter/-/ecdsa-sig-formatter-1.0.11.tgz 8077ms (cache miss)
589 http fetch GET 200 https://registry.npmjs.org/anymatch/-/anymatch-3.1.3.tgz 8051ms (cache miss)
590 http fetch GET 200 https://registry.npmjs.org/balanced-match/-/balanced-match-1.0.2.tgz 8072ms (cache miss)
591 http fetch GET 200 https://registry.npmjs.org/@sideway/formula/-/formula-3.0.1.tgz 8067ms (cache miss)
592 http fetch GET 200 https://registry.npmjs.org/base64-js/-/base64-js-1.5.1.tgz 8147ms (cache miss)
593 http fetch GET 200 https://registry.npmjs.org/pstree.remy/-/pstree.remy-1.1.8.tgz 8341ms (cache miss)
594 http fetch GET 200 https://registry.npmjs.org/mongodb-connection-string-url/-/mongodb-connection-string-url-3.0.2.tgz 8321ms (cache miss)
595 http fetch GET 200 https://registry.npmjs.org/@hapi/hoek/-/hoek-9.3.0.tgz 8141ms (cache miss)
596 http fetch GET 200 https://registry.npmjs.org/@types/cors/-/cors-2.8.19.tgz 8190ms (cache miss)
597 http fetch GET 200 https://registry.npmjs.org/whatwg-url/-/whatwg-url-5.0.0.tgz 8177ms (cache miss)
598 http fetch GET 200 https://registry.npmjs.org/multer/-/multer-2.0.1.tgz 8447ms (cache miss)
599 http fetch GET 200 https://registry.npmjs.org/@sideway/pinpoint/-/pinpoint-2.0.0.tgz 8278ms (cache miss)
600 http fetch GET 200 https://registry.npmjs.org/@types/whatwg-url/-/whatwg-url-11.0.5.tgz 8312ms (cache miss)
601 http fetch GET 200 https://registry.npmjs.org/agent-base/-/agent-base-7.1.3.tgz 8309ms (cache miss)
602 http fetch GET 200 https://registry.npmjs.org/inherits/-/inherits-2.0.3.tgz 8300ms (cache miss)
603 http fetch GET 200 https://registry.npmjs.org/accepts/-/accepts-2.0.0.tgz 8317ms (cache miss)
604 http fetch GET 200 https://registry.npmjs.org/debug/-/debug-4.3.7.tgz 8302ms (cache miss)
605 http fetch GET 200 https://registry.npmjs.org/jws/-/jws-4.0.0.tgz 8396ms (cache miss)
606 http fetch GET 200 https://registry.npmjs.org/mime-types/-/mime-types-2.1.35.tgz 8402ms (cache miss)
607 http fetch GET 200 https://registry.npmjs.org/mime-types/-/mime-types-2.1.35.tgz 8414ms (cache miss)
608 http fetch GET 200 https://registry.npmjs.org/media-typer/-/media-typer-0.3.0.tgz 8422ms (cache miss)
609 http fetch GET 200 https://registry.npmjs.org/tr46/-/tr46-5.1.1.tgz 8709ms (cache miss)
610 http fetch GET 200 https://registry.npmjs.org/debug/-/debug-4.3.7.tgz 8474ms (cache miss)
611 http fetch GET 200 https://registry.npmjs.org/get-intrinsic/-/get-intrinsic-1.3.0.tgz 8613ms (cache miss)
612 http fetch GET 200 https://registry.npmjs.org/jwa/-/jwa-2.0.1.tgz 8493ms (cache miss)
613 http fetch GET 200 https://registry.npmjs.org/@hapi/topo/-/topo-5.1.0.tgz 8516ms (cache miss)
614 http fetch GET 200 https://registry.npmjs.org/type-is/-/type-is-1.6.18.tgz 8546ms (cache miss)
615 http fetch GET 200 https://registry.npmjs.org/webidl-conversions/-/webidl-conversions-3.0.1.tgz 8543ms (cache miss)
616 http fetch GET 200 https://registry.npmjs.org/cookie-signature/-/cookie-signature-1.0.6.tgz 8536ms (cache miss)
617 http fetch GET 200 https://registry.npmjs.org/@react-oauth/google/-/google-0.12.2.tgz 8558ms (cache miss)
618 http fetch GET 200 https://registry.npmjs.org/mpath/-/mpath-0.9.0.tgz 8777ms (cache miss)
619 http fetch GET 200 https://registry.npmjs.org/mime-types/-/mime-types-2.1.35.tgz 8576ms (cache miss)
620 http fetch GET 200 https://registry.npmjs.org/jws/-/jws-4.0.0.tgz 8586ms (cache miss)
621 http fetch GET 200 https://registry.npmjs.org/accepts/-/accepts-1.3.8.tgz 8593ms (cache miss)
622 http fetch GET 200 https://registry.npmjs.org/picomatch/-/picomatch-2.3.1.tgz 8856ms (cache miss)
623 http fetch GET 200 https://registry.npmjs.org/accepts/-/accepts-1.3.8.tgz 8611ms (cache miss)
624 http fetch GET 200 https://registry.npmjs.org/mime-types/-/mime-types-2.1.35.tgz 8646ms (cache miss)
625 http fetch GET 200 https://registry.npmjs.org/jwa/-/jwa-2.0.1.tgz 8673ms (cache miss)
626 http fetch GET 200 https://registry.npmjs.org/simple-update-notifier/-/simple-update-notifier-2.0.0.tgz 8929ms (cache miss)
627 http fetch GET 200 https://registry.npmjs.org/q/-/q-1.5.1.tgz 8948ms (cache miss)
628 warn deprecated q@1.5.1: You or someone you depend on is using Q, the JavaScript Promise library that gave JavaScript developers strong feelings about promises. They can almost certainly migrate to the native JavaScript promise now. Thank you literally everyone for joining me in this bet against the odds. Be excellent to each other.
628 warn deprecated
628 warn deprecated (For a CapTP with native promises, see @endo/eventual-send and @endo/captp)
629 http fetch GET 200 https://registry.npmjs.org/https-proxy-agent/-/https-proxy-agent-7.0.6.tgz 9092ms (cache miss)
630 http fetch GET 200 https://registry.npmjs.org/chokidar/-/chokidar-3.6.0.tgz 9029ms (cache miss)
631 http fetch GET 200 https://registry.npmjs.org/function-bind/-/function-bind-1.1.2.tgz 9108ms (cache miss)
632 http fetch GET 200 https://registry.npmjs.org/mime-db/-/mime-db-1.52.0.tgz 8975ms (cache miss)
633 http fetch GET 200 https://registry.npmjs.org/deepmerge/-/deepmerge-4.3.1.tgz 9055ms (cache miss)
634 http fetch GET 200 https://registry.npmjs.org/node-fetch/-/node-fetch-2.7.0.tgz 9185ms (cache miss)
635 http fetch GET 200 https://registry.npmjs.org/call-bound/-/call-bound-1.0.4.tgz 9042ms (cache miss)
636 http fetch GET 200 https://registry.npmjs.org/debug/-/debug-4.3.7.tgz 9042ms (cache miss)
637 http fetch GET 200 https://registry.npmjs.org/tr46/-/tr46-0.0.3.tgz 9042ms (cache miss)
638 http fetch GET 200 https://registry.npmjs.org/dotenv/-/dotenv-16.5.0.tgz 9132ms (cache miss)
639 http fetch GET 200 https://registry.npmjs.org/debug/-/debug-4.3.7.tgz 9048ms (cache miss)
640 http fetch GET 200 https://registry.npmjs.org/negotiator/-/negotiator-0.6.3.tgz 9081ms (cache miss)
641 http fetch GET 200 https://registry.npmjs.org/mime-db/-/mime-db-1.52.0.tgz 9124ms (cache miss)
642 http fetch GET 200 https://registry.npmjs.org/mime-db/-/mime-db-1.52.0.tgz 9133ms (cache miss)
643 http fetch GET 200 https://registry.npmjs.org/express/-/express-5.1.0.tgz 9259ms (cache miss)
644 http fetch GET 200 https://registry.npmjs.org/jsonwebtoken/-/jsonwebtoken-9.0.2.tgz 9344ms (cache miss)
645 http fetch GET 200 https://registry.npmjs.org/google-logging-utils/-/google-logging-utils-0.0.2.tgz 9310ms (cache miss)
646 http fetch GET 200 https://registry.npmjs.org/mime-db/-/mime-db-1.52.0.tgz 9190ms (cache miss)
647 http fetch GET 200 https://registry.npmjs.org/body-parser/-/body-parser-2.2.0.tgz 9255ms (cache miss)
648 http fetch GET 200 https://registry.npmjs.org/whatwg-url/-/whatwg-url-14.2.0.tgz 9475ms (cache miss)
649 http fetch GET 200 https://registry.npmjs.org/negotiator/-/negotiator-0.6.3.tgz 9217ms (cache miss)
650 http fetch GET 200 https://registry.npmjs.org/bcryptjs/-/bcryptjs-3.0.2.tgz 9301ms (cache miss)
651 http fetch GET 200 https://registry.npmjs.org/es-object-atoms/-/es-object-atoms-1.1.1.tgz 9396ms (cache miss)
652 http fetch GET 200 https://registry.npmjs.org/gcp-metadata/-/gcp-metadata-6.1.1.tgz 9307ms (cache miss)
653 http fetch GET 200 https://registry.npmjs.org/has-tostringtag/-/has-tostringtag-1.0.2.tgz 9543ms (cache miss)
654 http fetch GET 200 https://registry.npmjs.org/@sideway/address/-/address-4.1.5.tgz 9437ms (cache miss)
655 http fetch GET 200 https://registry.npmjs.org/bignumber.js/-/bignumber.js-9.3.0.tgz 9576ms (cache miss)
656 http fetch GET 200 https://registry.npmjs.org/ws/-/ws-8.17.1.tgz 9823ms (cache miss)
657 http fetch GET 200 https://registry.npmjs.org/mquery/-/mquery-5.0.0.tgz 9772ms (cache miss)
658 http fetch GET 200 https://registry.npmjs.org/socket.io-parser/-/socket.io-parser-4.2.4.tgz 9817ms (cache miss)
659 http fetch GET 200 https://registry.npmjs.org/qs/-/qs-6.14.0.tgz 9862ms (cache miss)
660 http fetch GET 200 https://registry.npmjs.org/asynckit/-/asynckit-0.4.0.tgz 9724ms (cache miss)
661 http fetch GET 200 https://registry.npmjs.org/minimist/-/minimist-1.2.8.tgz 9922ms (cache miss)
662 http fetch GET 200 https://registry.npmjs.org/call-bind-apply-helpers/-/call-bind-apply-helpers-1.0.2.tgz 9825ms (cache miss)
663 http fetch GET 200 https://registry.npmjs.org/gaxios/-/gaxios-6.7.1.tgz 9927ms (cache miss)
664 http fetch GET 200 https://registry.npmjs.org/@sendgrid/client/-/client-8.1.5.tgz 9842ms (cache miss)
665 http fetch GET 200 https://registry.npmjs.org/sift/-/sift-17.1.3.tgz 10184ms (cache miss)
666 http fetch GET 200 https://registry.npmjs.org/busboy/-/busboy-1.6.0.tgz 10025ms (cache miss)
667 http fetch GET 200 https://registry.npmjs.org/readable-stream/-/readable-stream-3.6.2.tgz 10208ms (cache miss)
668 http fetch GET 200 https://registry.npmjs.org/undici-types/-/undici-types-7.8.0.tgz 10569ms (cache miss)
669 http fetch GET 200 https://registry.npmjs.org/object-inspect/-/object-inspect-1.13.4.tgz 10629ms (cache miss)
670 http fetch GET 200 https://registry.npmjs.org/engine.io-parser/-/engine.io-parser-5.2.3.tgz 10514ms (cache miss)
671 http fetch GET 200 https://registry.npmjs.org/engine.io/-/engine.io-6.6.4.tgz 10646ms (cache miss)
672 http fetch GET 200 https://registry.npmjs.org/iconv-lite/-/iconv-lite-0.6.3.tgz 10946ms (cache miss)
673 http fetch GET 200 https://registry.npmjs.org/joi/-/joi-17.13.3.tgz 11040ms (cache miss)
674 http fetch GET 200 https://registry.npmjs.org/semver/-/semver-7.7.2.tgz 11100ms (cache miss)
675 http fetch GET 200 https://registry.npmjs.org/nodemon/-/nodemon-3.1.10.tgz 11123ms (cache miss)
676 http fetch GET 200 https://registry.npmjs.org/@mongodb-js/saslprep/-/saslprep-1.2.2.tgz 11147ms (cache miss)
677 http fetch GET 200 https://registry.npmjs.org/socket.io/-/socket.io-4.8.1.tgz 11608ms (cache miss)
678 http fetch GET 200 https://registry.npmjs.org/cloudinary/-/cloudinary-2.6.1.tgz 11497ms (cache miss)
679 http fetch GET 200 https://registry.npmjs.org/nodemailer/-/nodemailer-7.0.3.tgz 11724ms (cache miss)
680 http fetch GET 200 https://registry.npmjs.org/uuid/-/uuid-9.0.1.tgz 12020ms (cache miss)
681 http fetch GET 200 https://registry.npmjs.org/@sendgrid/helpers/-/helpers-8.0.0.tgz 11945ms (cache miss)
682 http fetch GET 200 https://registry.npmjs.org/google-auth-library/-/google-auth-library-9.15.1.tgz 12147ms (cache miss)
683 http fetch GET 200 https://registry.npmjs.org/bson/-/bson-6.10.3.tgz 12118ms (cache miss)
684 http fetch GET 200 https://registry.npmjs.org/@types/node/-/node-24.0.0.tgz 12239ms (cache miss)
685 http fetch GET 200 https://registry.npmjs.org/axios/-/axios-1.9.0.tgz 12353ms (cache miss)
686 http fetch GET 200 https://registry.npmjs.org/mongoose/-/mongoose-8.15.0.tgz 13548ms (cache miss)
687 http fetch GET 200 https://registry.npmjs.org/mongodb/-/mongodb-6.16.0.tgz 14596ms (cache miss)
688 http fetch GET 200 https://registry.npmjs.org/lodash/-/lodash-4.17.21.tgz 16034ms (cache miss)
689 silly ADD node_modules/xtend
690 silly ADD node_modules/ws
691 silly ADD node_modules/wrappy
692 silly ADD node_modules/whatwg-url
693 silly ADD node_modules/webidl-conversions
694 silly ADD node_modules/vary
695 silly ADD node_modules/uuid
696 silly ADD node_modules/util-deprecate
697 silly ADD node_modules/util
698 silly ADD node_modules/util/node_modules/inherits
699 silly ADD node_modules/unpipe
700 silly ADD node_modules/undici-types
701 silly ADD node_modules/undefsafe
702 silly ADD node_modules/typedarray
703 silly ADD node_modules/type-is
704 silly ADD node_modules/tr46
705 silly ADD node_modules/touch
706 silly ADD node_modules/toidentifier
707 silly ADD node_modules/to-regex-range
708 silly ADD node_modules/supports-color
709 silly ADD node_modules/string_decoder
710 silly ADD node_modules/streamsearch
711 silly ADD node_modules/streamifier
712 silly ADD node_modules/statuses
713 silly ADD node_modules/sparse-bitfield
714 silly ADD node_modules/socket.io-parser
715 silly ADD node_modules/socket.io-parser/node_modules/debug
716 silly ADD node_modules/socket.io-adapter
717 silly ADD node_modules/socket.io-adapter/node_modules/debug
718 silly ADD node_modules/socket.io
719 silly ADD node_modules/socket.io/node_modules/negotiator
720 silly ADD node_modules/socket.io/node_modules/mime-types
721 silly ADD node_modules/socket.io/node_modules/mime-db
722 silly ADD node_modules/socket.io/node_modules/debug
723 silly ADD node_modules/socket.io/node_modules/accepts
724 silly ADD node_modules/simple-update-notifier
725 silly ADD node_modules/sift
726 silly ADD node_modules/side-channel-weakmap
727 silly ADD node_modules/side-channel-map
728 silly ADD node_modules/side-channel-list
729 silly ADD node_modules/side-channel
730 silly ADD node_modules/setprototypeof
731 silly ADD node_modules/serve-static
732 silly ADD node_modules/send
733 silly ADD node_modules/semver
734 silly ADD node_modules/safer-buffer
735 silly ADD node_modules/safe-buffer
736 silly ADD node_modules/router
737 silly ADD node_modules/readdirp
738 silly ADD node_modules/readable-stream
739 silly ADD node_modules/raw-body
740 silly ADD node_modules/range-parser
741 silly ADD node_modules/qs
742 silly ADD node_modules/q
743 silly ADD node_modules/punycode
744 silly ADD node_modules/pstree.remy
745 silly ADD node_modules/proxy-from-env
746 silly ADD node_modules/proxy-addr
747 silly ADD node_modules/process
748 silly ADD node_modules/picomatch
749 silly ADD node_modules/path-to-regexp
750 silly ADD node_modules/path
751 silly ADD node_modules/parseurl
752 silly ADD node_modules/once
753 silly ADD node_modules/on-finished
754 silly ADD node_modules/object-inspect
755 silly ADD node_modules/object-assign
756 silly ADD node_modules/normalize-path
757 silly ADD node_modules/nodemon
758 silly ADD node_modules/nodemailer
759 silly ADD node_modules/node-fetch
760 silly ADD node_modules/node-fetch/node_modules/whatwg-url
761 silly ADD node_modules/node-fetch/node_modules/webidl-conversions
762 silly ADD node_modules/node-fetch/node_modules/tr46
763 silly ADD node_modules/negotiator
764 silly ADD node_modules/multer
765 silly ADD node_modules/multer/node_modules/type-is
766 silly ADD node_modules/multer/node_modules/mime-types
767 silly ADD node_modules/multer/node_modules/mime-db
768 silly ADD node_modules/multer/node_modules/media-typer
769 silly ADD node_modules/ms
770 silly ADD node_modules/mquery
771 silly ADD node_modules/mpath
772 silly ADD node_modules/mongoose
773 silly ADD node_modules/mongodb-connection-string-url
774 silly ADD node_modules/mongodb
775 silly ADD node_modules/mkdirp
776 silly ADD node_modules/minimist
777 silly ADD node_modules/minimatch
778 silly ADD node_modules/mime-types
779 silly ADD node_modules/mime-db
780 silly ADD node_modules/merge-descriptors
781 silly ADD node_modules/memory-pager
782 silly ADD node_modules/media-typer
783 silly ADD node_modules/math-intrinsics
784 silly ADD node_modules/lodash.once
785 silly ADD node_modules/lodash.isstring
786 silly ADD node_modules/lodash.isplainobject
787 silly ADD node_modules/lodash.isnumber
788 silly ADD node_modules/lodash.isinteger
789 silly ADD node_modules/lodash.isboolean
790 silly ADD node_modules/lodash.includes
791 silly ADD node_modules/lodash
792 silly ADD node_modules/kareem
793 silly ADD node_modules/jws
794 silly ADD node_modules/jwa
795 silly ADD node_modules/jsonwebtoken
796 silly ADD node_modules/json-bigint
797 silly ADD node_modules/joi
798 silly ADD node_modules/is-stream
799 silly ADD node_modules/is-promise
800 silly ADD node_modules/is-number
801 silly ADD node_modules/is-glob
802 silly ADD node_modules/is-extglob
803 silly ADD node_modules/is-binary-path
804 silly ADD node_modules/ipaddr.js
805 silly ADD node_modules/inherits
806 silly ADD node_modules/ignore-by-default
807 silly ADD node_modules/iconv-lite
808 silly ADD node_modules/https-proxy-agent
809 silly ADD node_modules/http-errors
810 silly ADD node_modules/hasown
811 silly ADD node_modules/has-tostringtag
812 silly ADD node_modules/has-symbols
813 silly ADD node_modules/has-flag
814 silly ADD node_modules/gtoken
815 silly ADD node_modules/gtoken/node_modules/jws
816 silly ADD node_modules/gtoken/node_modules/jwa
817 silly ADD node_modules/gopd
818 silly ADD node_modules/google-logging-utils
819 silly ADD node_modules/google-auth-library
820 silly ADD node_modules/google-auth-library/node_modules/jws
821 silly ADD node_modules/google-auth-library/node_modules/jwa
822 silly ADD node_modules/google-auth-library/node_modules/gcp-metadata
823 silly ADD node_modules/glob-parent
824 silly ADD node_modules/get-proto
825 silly ADD node_modules/get-intrinsic
826 silly ADD node_modules/gaxios
827 silly ADD node_modules/function-bind
828 silly ADD node_modules/fsevents
829 silly ADD node_modules/fresh
830 silly ADD node_modules/forwarded
831 silly ADD node_modules/form-data
832 silly ADD node_modules/form-data/node_modules/mime-types
833 silly ADD node_modules/form-data/node_modules/mime-db
834 silly ADD node_modules/follow-redirects
835 silly ADD node_modules/finalhandler
836 silly ADD node_modules/fill-range
837 silly ADD node_modules/extend
838 silly ADD node_modules/express
839 silly ADD node_modules/etag
840 silly ADD node_modules/escape-html
841 silly ADD node_modules/es-set-tostringtag
842 silly ADD node_modules/es-object-atoms
843 silly ADD node_modules/es-errors
844 silly ADD node_modules/es-define-property
845 silly ADD node_modules/engine.io-parser
846 silly ADD node_modules/engine.io
847 silly ADD node_modules/engine.io/node_modules/negotiator
848 silly ADD node_modules/engine.io/node_modules/mime-types
849 silly ADD node_modules/engine.io/node_modules/mime-db
850 silly ADD node_modules/engine.io/node_modules/debug
851 silly ADD node_modules/engine.io/node_modules/accepts
852 silly ADD node_modules/encodeurl
853 silly ADD node_modules/ee-first
854 silly ADD node_modules/ecdsa-sig-formatter
855 silly ADD node_modules/dunder-proto
856 silly ADD node_modules/dotenv
857 silly ADD node_modules/depd
858 silly ADD node_modules/delayed-stream
859 silly ADD node_modules/deepmerge
860 silly ADD node_modules/debug
861 silly ADD node_modules/crypto
862 silly ADD node_modules/cors
863 silly ADD node_modules/cookie-signature
864 silly ADD node_modules/cookie-parser
865 silly ADD node_modules/cookie-parser/node_modules/cookie-signature
866 silly ADD node_modules/cookie
867 silly ADD node_modules/content-type
868 silly ADD node_modules/content-disposition
869 silly ADD node_modules/concat-stream
870 silly ADD node_modules/concat-map
871 silly ADD node_modules/combined-stream
872 silly ADD node_modules/cloudinary
873 silly ADD node_modules/chokidar
874 silly ADD node_modules/call-bound
875 silly ADD node_modules/call-bind-apply-helpers
876 silly ADD node_modules/bytes
877 silly ADD node_modules/busboy
878 silly ADD node_modules/buffer-from
879 silly ADD node_modules/buffer-equal-constant-time
880 silly ADD node_modules/bson
881 silly ADD node_modules/braces
882 silly ADD node_modules/brace-expansion
883 silly ADD node_modules/body-parser
884 silly ADD node_modules/binary-extensions
885 silly ADD node_modules/bignumber.js
886 silly ADD node_modules/bcryptjs
887 silly ADD node_modules/base64id
888 silly ADD node_modules/base64-js
889 silly ADD node_modules/balanced-match
890 silly ADD node_modules/axios
891 silly ADD node_modules/asynckit
892 silly ADD node_modules/append-field
893 silly ADD node_modules/anymatch
894 silly ADD node_modules/agent-base
895 silly ADD node_modules/accepts
896 silly ADD node_modules/@types/whatwg-url
897 silly ADD node_modules/@types/webidl-conversions
898 silly ADD node_modules/@types/node
899 silly ADD node_modules/@types/cors
900 silly ADD node_modules/@socket.io/component-emitter
901 silly ADD node_modules/@sideway/pinpoint
902 silly ADD node_modules/@sideway/formula
903 silly ADD node_modules/@sideway/address
904 silly ADD node_modules/@sendgrid/mail
905 silly ADD node_modules/@sendgrid/helpers
906 silly ADD node_modules/@sendgrid/client
907 silly ADD node_modules/@react-oauth/google
908 silly ADD node_modules/@mongodb-js/saslprep
909 silly ADD node_modules/@hapi/topo
910 silly ADD node_modules/@hapi/hoek
911 verbose cwd C:\Users\sohar\OneDrive\Desktop\talenconnect\intern\talentconnect-rawRecruit\backend
912 verbose os Windows_NT 10.0.26100
913 verbose node v22.17.0
914 verbose npm  v11.5.1
915 notice
915 notice New [33mminor[39m version of npm available! [33m11.5.1[39m -> [34m11.6.0[39m
915 notice Changelog: [34mhttps://github.com/npm/cli/releases/tag/v11.6.0[39m
915 notice To update run: [4mnpm install -g npm@11.6.0[24m
915 notice  { force: true, [Symbol(proc-log.meta)]: true }
916 verbose exit 0
917 info ok
