0 verbose cli C:\Program Files\nodejs\node.exe C:\Users\sohar\AppData\Roaming\npm\node_modules\npm\bin\npm-cli.js
1 info using npm@11.5.1
2 info using node@v22.17.0
3 silly config load:file:C:\Users\sohar\AppData\Roaming\npm\node_modules\npm\npmrc
4 silly config load:file:C:\Users\sohar\OneDrive\Desktop\talenconnect\intern\talentconnect-rawRecruit\backend\.npmrc
5 silly config load:file:C:\Users\sohar\.npmrc
6 silly config load:file:C:\Users\sohar\AppData\Roaming\npm\etc\npmrc
7 verbose title npm run dev
8 verbose argv "run" "dev"
9 verbose logfile logs-max:10 dir:C:\Users\sohar\OneDrive\Desktop\talenconnect\intern\talentconnect-rawRecruit\backend\clear\_logs\2025-09-16T18_53_05_590Z-
10 verbose logfile C:\Users\sohar\OneDrive\Desktop\talenconnect\intern\talentconnect-rawRecruit\backend\clear\_logs\2025-09-16T18_53_05_590Z-debug-0.log
11 silly logfile start cleaning logs, removing 1 files
12 silly logfile done cleaning log files
13 verbose cwd C:\Users\sohar\OneDrive\Desktop\talenconnect\intern\talentconnect-rawRecruit\backend
14 verbose os Windows_NT 10.0.26100
15 verbose node v22.17.0
16 verbose npm  v11.5.1
17 verbose exit 1
18 verbose code 1
19 error A complete log of this run can be found in: C:\Users\sohar\OneDrive\Desktop\talenconnect\intern\talentconnect-rawRecruit\backend\clear\_logs\2025-09-16T18_53_05_590Z-debug-0.log
