0 verbose cli C:\Program Files\nodejs\node.exe C:\Users\sohar\AppData\Roaming\npm\node_modules\npm\bin\npm-cli.js
1 info using npm@11.5.1
2 info using node@v22.17.0
3 silly config load:file:C:\Users\sohar\AppData\Roaming\npm\node_modules\npm\npmrc
4 silly config load:file:C:\Users\sohar\OneDrive\Desktop\talenconnect\intern\talentconnect-rawRecruit\backend\.npmrc
5 silly config load:file:C:\Users\sohar\.npmrc
6 silly config load:file:C:\Users\sohar\AppData\Roaming\npm\etc\npmrc
7 verbose title npm install express-validator
8 verbose argv "install" "express-validator"
9 verbose logfile logs-max:10 dir:C:\Users\sohar\OneDrive\Desktop\talenconnect\intern\talentconnect-rawRecruit\backend\clear\_logs\2025-09-16T20_03_57_340Z-
10 verbose logfile C:\Users\sohar\OneDrive\Desktop\talenconnect\intern\talentconnect-rawRecruit\backend\clear\_logs\2025-09-16T20_03_57_340Z-debug-0.log
11 silly logfile start cleaning logs, removing 1 files
12 silly packumentCache heap:2197815296 maxSize:549453824 maxEntrySize:274726912
13 silly logfile done cleaning log files
14 silly idealTree buildDeps
15 silly fetch manifest express-validator@*
16 silly packumentCache full:http://registry.npmjs.org/express-validator cache-miss
17 http fetch GET 200 https://registry.npmjs.org/express-validator 3529ms (cache miss)
18 silly packumentCache full:http://registry.npmjs.org/express-validator set size:undefined disposed:false
19 silly placeDep ROOT express-validator@7.2.1 OK for: rawrecruit-backend@1.0.0 want: *
20 silly fetch manifest validator@~13.12.0
21 silly packumentCache full:http://registry.npmjs.org/validator cache-miss
22 http fetch GET 200 https://registry.npmjs.org/validator 929ms (cache miss)
23 silly packumentCache full:http://registry.npmjs.org/validator set size:undefined disposed:false
24 silly placeDep ROOT validator@13.12.0 OK for: express-validator@7.2.1 want: ~13.12.0
25 silly reify moves {}
26 silly audit bulk request {
26 silly audit   '@elastic/elasticsearch': [ '9.1.1' ],
26 silly audit   '@elastic/transport': [ '9.1.2' ],
26 silly audit   '@hapi/hoek': [ '9.3.0' ],
26 silly audit   '@hapi/topo': [ '5.1.0' ],
26 silly audit   '@mongodb-js/saslprep': [ '1.2.2' ],
26 silly audit   '@opentelemetry/api': [ '1.9.0' ],
26 silly audit   '@opentelemetry/core': [ '2.1.0' ],
26 silly audit   '@opentelemetry/semantic-conventions': [ '1.37.0' ],
26 silly audit   '@react-oauth/google': [ '0.12.2' ],
26 silly audit   '@sendgrid/client': [ '8.1.5' ],
26 silly audit   '@sendgrid/helpers': [ '8.0.0' ],
26 silly audit   '@sendgrid/mail': [ '8.1.5' ],
26 silly audit   '@sideway/address': [ '4.1.5' ],
26 silly audit   '@sideway/formula': [ '3.0.1' ],
26 silly audit   '@sideway/pinpoint': [ '2.0.0' ],
26 silly audit   '@socket.io/component-emitter': [ '3.1.2' ],
26 silly audit   '@swc/helpers': [ '0.5.17' ],
26 silly audit   '@types/command-line-args': [ '5.2.3' ],
26 silly audit   '@types/command-line-usage': [ '5.0.4' ],
26 silly audit   '@types/cors': [ '2.8.19' ],
26 silly audit   '@types/node': [ '24.0.0', '20.19.13' ],
26 silly audit   '@types/webidl-conversions': [ '7.0.3' ],
26 silly audit   '@types/whatwg-url': [ '11.0.5' ],
26 silly audit   accepts: [ '2.0.0', '1.3.8' ],
26 silly audit   'agent-base': [ '7.1.3' ],
26 silly audit   'ansi-styles': [ '4.3.0' ],
26 silly audit   anymatch: [ '3.1.3' ],
26 silly audit   'apache-arrow': [ '20.0.0' ],
26 silly audit   'undici-types': [ '6.21.0', '7.8.0' ],
26 silly audit   'append-field': [ '1.0.0' ],
26 silly audit   'array-back': [ '6.2.2' ],
26 silly audit   asynckit: [ '0.4.0' ],
26 silly audit   axios: [ '1.9.0' ],
26 silly audit   'balanced-match': [ '1.0.2' ],
26 silly audit   'base64-js': [ '1.5.1' ],
26 silly audit   base64id: [ '2.0.0' ],
26 silly audit   bcryptjs: [ '3.0.2' ],
26 silly audit   'bignumber.js': [ '9.3.0' ],
26 silly audit   'binary-extensions': [ '2.3.0' ],
26 silly audit   'body-parser': [ '2.2.0' ],
26 silly audit   'brace-expansion': [ '1.1.12' ],
26 silly audit   braces: [ '3.0.3' ],
26 silly audit   bson: [ '6.10.3' ],
26 silly audit   'buffer-equal-constant-time': [ '1.0.1' ],
26 silly audit   'buffer-from': [ '1.1.2' ],
26 silly audit   busboy: [ '1.6.0' ],
26 silly audit   bytes: [ '3.1.2' ],
26 silly audit   'call-bind-apply-helpers': [ '1.0.2' ],
26 silly audit   'call-bound': [ '1.0.4' ],
26 silly audit   chalk: [ '4.1.2' ],
26 silly audit   'chalk-template': [ '0.4.0' ],
26 silly audit   'has-flag': [ '4.0.0', '3.0.0' ],
26 silly audit   'supports-color': [ '7.2.0', '5.5.0' ],
26 silly audit   chokidar: [ '3.6.0' ],
26 silly audit   cloudinary: [ '2.6.1' ],
26 silly audit   'color-convert': [ '2.0.1' ],
26 silly audit   'color-name': [ '1.1.4' ],
26 silly audit   'combined-stream': [ '1.0.8' ],
26 silly audit   'command-line-args': [ '6.0.1' ],
26 silly audit   'command-line-usage': [ '7.0.3' ],
26 silly audit   'concat-map': [ '0.0.1' ],
26 silly audit   'concat-stream': [ '2.0.0' ],
26 silly audit   'content-disposition': [ '1.0.0' ],
26 silly audit   'content-type': [ '1.0.5' ],
26 silly audit   cookie: [ '0.7.2' ],
26 silly audit   'cookie-parser': [ '1.4.7' ],
26 silly audit   'cookie-signature': [ '1.0.6', '1.2.2' ],
26 silly audit   cors: [ '2.8.5' ],
26 silly audit   crypto: [ '1.0.1' ],
26 silly audit   debug: [ '4.4.1', '4.3.7' ],
26 silly audit   deepmerge: [ '4.3.1' ],
26 silly audit   'delayed-stream': [ '1.0.0' ],
26 silly audit   depd: [ '2.0.0' ],
26 silly audit   dotenv: [ '16.5.0' ],
26 silly audit   'dunder-proto': [ '1.0.1' ],
26 silly audit   'ecdsa-sig-formatter': [ '1.0.11' ],
26 silly audit   'ee-first': [ '1.1.1' ],
26 silly audit   encodeurl: [ '2.0.0' ],
26 silly audit   'engine.io': [ '6.6.4' ],
26 silly audit   'engine.io-parser': [ '5.2.3' ],
26 silly audit   'mime-db': [ '1.52.0', '1.54.0' ],
26 silly audit   'mime-types': [ '2.1.35', '3.0.1' ],
26 silly audit   negotiator: [ '0.6.3', '1.0.0' ],
26 silly audit   'es-define-property': [ '1.0.1' ],
26 silly audit   'es-errors': [ '1.3.0' ],
26 silly audit   'es-object-atoms': [ '1.1.1' ],
26 silly audit   'es-set-tostringtag': [ '2.1.0' ],
26 silly audit   'escape-html': [ '1.0.3' ],
26 silly audit   etag: [ '1.8.1' ],
26 silly audit   express: [ '5.1.0' ],
26 silly audit   extend: [ '3.0.2' ],
26 silly audit   'fill-range': [ '7.1.1' ],
26 silly audit   finalhandler: [ '2.1.0' ],
26 silly audit   'find-replace': [ '5.0.2' ],
26 silly audit   flatbuffers: [ '25.2.10' ],
26 silly audit   'follow-redirects': [ '1.15.9' ],
26 silly audit   'form-data': [ '4.0.2' ],
26 silly audit   forwarded: [ '0.2.0' ],
26 silly audit   fresh: [ '2.0.0' ],
26 silly audit   fsevents: [ '2.3.3' ],
26 silly audit   'function-bind': [ '1.1.2' ],
26 silly audit   gaxios: [ '6.7.1' ],
26 silly audit   'get-intrinsic': [ '1.3.0' ],
26 silly audit   'get-proto': [ '1.0.1' ],
26 silly audit   'glob-parent': [ '5.1.2' ],
26 silly audit   'google-auth-library': [ '9.15.1' ],
26 silly audit   'gcp-metadata': [ '6.1.1' ],
26 silly audit   jwa: [ '2.0.1', '1.4.2' ],
26 silly audit   jws: [ '4.0.0', '3.2.2' ],
26 silly audit   'google-logging-utils': [ '0.0.2' ],
26 silly audit   gopd: [ '1.2.0' ],
26 silly audit   gtoken: [ '7.1.0' ],
26 silly audit   'has-symbols': [ '1.1.0' ],
26 silly audit   'has-tostringtag': [ '1.0.2' ],
26 silly audit   hasown: [ '2.0.2' ],
26 silly audit   hpagent: [ '1.2.0' ],
26 silly audit   'http-errors': [ '2.0.0' ],
26 silly audit   'https-proxy-agent': [ '7.0.6' ],
26 silly audit   'iconv-lite': [ '0.6.3' ],
26 silly audit   'ignore-by-default': [ '1.0.1' ],
26 silly audit   inherits: [ '2.0.4', '2.0.3' ],
26 silly audit   'ipaddr.js': [ '1.9.1' ],
26 silly audit   'is-binary-path': [ '2.1.0' ],
26 silly audit   'is-extglob': [ '2.1.1' ],
26 silly audit   'is-glob': [ '4.0.3' ],
26 silly audit   'is-number': [ '7.0.0' ],
26 silly audit   'is-promise': [ '4.0.0' ],
26 silly audit   'is-stream': [ '2.0.1' ],
26 silly audit   joi: [ '17.13.3' ],
26 silly audit   'json-bigint': [ '1.0.0' ],
26 silly audit   'json-bignum': [ '0.0.3' ],
26 silly audit   jsonwebtoken: [ '9.0.2' ],
26 silly audit   kareem: [ '2.6.3' ],
26 silly audit   lodash: [ '4.17.21' ],
26 silly audit   'lodash.camelcase': [ '4.3.0' ],
26 silly audit   'lodash.includes': [ '4.3.0' ],
26 silly audit   'lodash.isboolean': [ '3.0.3' ],
26 silly audit   'lodash.isinteger': [ '4.0.4' ],
26 silly audit   'lodash.isnumber': [ '3.0.3' ],
26 silly audit   'lodash.isplainobject': [ '4.0.6' ],
26 silly audit   'lodash.isstring': [ '4.0.1' ],
26 silly audit   'lodash.once': [ '4.1.1' ],
26 silly audit   'math-intrinsics': [ '1.1.0' ],
26 silly audit   'media-typer': [ '1.1.0', '0.3.0' ],
26 silly audit   'memory-pager': [ '1.5.0' ],
26 silly audit   'merge-descriptors': [ '2.0.0' ],
26 silly audit   minimatch: [ '3.1.2' ],
26 silly audit   minimist: [ '1.2.8' ],
26 silly audit   mkdirp: [ '0.5.6' ],
26 silly audit   mongodb: [ '6.16.0' ],
26 silly audit   'mongodb-connection-string-url': [ '3.0.2' ],
26 silly audit   mongoose: [ '8.15.0' ],
26 silly audit   mpath: [ '0.9.0' ],
26 silly audit   mquery: [ '5.0.0' ],
26 silly audit   ms: [ '2.1.3' ],
26 silly audit   multer: [ '2.0.1' ],
26 silly audit   'type-is': [ '1.6.18', '2.0.1' ],
26 silly audit   'node-fetch': [ '2.7.0' ],
26 silly audit   tr46: [ '0.0.3', '5.1.1' ],
26 silly audit   'webidl-conversions': [ '3.0.1', '7.0.0' ],
26 silly audit   'whatwg-url': [ '5.0.0', '14.2.0' ],
26 silly audit   nodemailer: [ '7.0.3' ],
26 silly audit   nodemon: [ '3.1.10' ],
26 silly audit   'normalize-path': [ '3.0.0' ],
26 silly audit   'object-assign': [ '4.1.1' ],
26 silly audit   'object-inspect': [ '1.13.4' ],
26 silly audit   'on-finished': [ '2.4.1' ],
26 silly audit   once: [ '1.4.0' ],
26 silly audit   parseurl: [ '1.3.3' ],
26 silly audit   path: [ '0.12.7' ],
26 silly audit   'path-to-regexp': [ '8.2.0' ],
26 silly audit   picomatch: [ '2.3.1' ],
26 silly audit   process: [ '0.11.10' ],
26 silly audit   'proxy-addr': [ '2.0.7' ],
26 silly audit   'proxy-from-env': [ '1.1.0' ],
26 silly audit   'pstree.remy': [ '1.1.8' ],
26 silly audit   punycode: [ '2.3.1' ],
26 silly audit   q: [ '1.5.1' ],
26 silly audit   qs: [ '6.14.0' ],
26 silly audit   'range-parser': [ '1.2.1' ],
26 silly audit   'raw-body': [ '3.0.0' ],
26 silly audit   'readable-stream': [ '3.6.2' ],
26 silly audit   readdirp: [ '3.6.0' ],
26 silly audit   router: [ '2.2.0' ],
26 silly audit   'safe-buffer': [ '5.2.1' ],
26 silly audit   'safer-buffer': [ '2.1.2' ],
26 silly audit   'secure-json-parse': [ '4.0.0' ],
26 silly audit   semver: [ '7.7.2' ],
26 silly audit   send: [ '1.2.0' ],
26 silly audit   'serve-static': [ '2.2.0' ],
26 silly audit   setprototypeof: [ '1.2.0' ],
26 silly audit   'side-channel': [ '1.1.0' ],
26 silly audit   'side-channel-list': [ '1.0.0' ],
26 silly audit   'side-channel-map': [ '1.0.1' ],
26 silly audit   'side-channel-weakmap': [ '1.0.2' ],
26 silly audit   sift: [ '17.1.3' ],
26 silly audit   'simple-update-notifier': [ '2.0.0' ],
26 silly audit   'socket.io': [ '4.8.1' ],
26 silly audit   'socket.io-adapter': [ '2.5.5' ],
26 silly audit   'socket.io-parser': [ '4.2.4' ],
26 silly audit   'sparse-bitfield': [ '3.0.3' ],
26 silly audit   statuses: [ '2.0.1' ],
26 silly audit   streamifier: [ '0.1.1' ],
26 silly audit   streamsearch: [ '1.1.0' ],
26 silly audit   string_decoder: [ '1.3.0' ],
26 silly audit   'table-layout': [ '4.1.1' ],
26 silly audit   'to-regex-range': [ '5.0.1' ],
26 silly audit   toidentifier: [ '1.0.1' ],
26 silly audit   touch: [ '3.1.1' ],
26 silly audit   tslib: [ '2.8.1' ],
26 silly audit   typedarray: [ '0.0.6' ],
26 silly audit   typical: [ '7.3.0' ],
26 silly audit   undefsafe: [ '2.0.5' ],
26 silly audit   undici: [ '7.16.0' ],
26 silly audit   unpipe: [ '1.0.0' ],
26 silly audit   util: [ '0.10.4' ],
26 silly audit   'util-deprecate': [ '1.0.2' ],
26 silly audit   uuid: [ '9.0.1' ],
26 silly audit   vary: [ '1.1.2' ],
26 silly audit   wordwrapjs: [ '5.1.0' ],
26 silly audit   wrappy: [ '1.0.2' ],
26 silly audit   ws: [ '8.17.1' ],
26 silly audit   xtend: [ '4.0.2' ],
26 silly audit   'express-validator': [ '7.2.1' ],
26 silly audit   validator: [ '13.12.0' ]
26 silly audit }
27 http cache validator@https://registry.npmjs.org/validator/-/validator-13.12.0.tgz 1ms (cache hit)
28 http cache express-validator@https://registry.npmjs.org/express-validator/-/express-validator-7.2.1.tgz 0ms (cache hit)
29 silly tarball no local data for validator@https://registry.npmjs.org/validator/-/validator-13.12.0.tgz. Extracting by manifest.
30 silly tarball no local data for express-validator@https://registry.npmjs.org/express-validator/-/express-validator-7.2.1.tgz. Extracting by manifest.
31 notice Beginning October 4, 2021, all connections to the npm registry - including for package installation - must use TLS 1.2 or higher. You are currently using plaintext http to connect. Please visit the GitHub blog for more information: https://github.blog/2021-08-23-npm-registry-deprecating-tls-1-0-tls-1-1/
32 http fetch POST 426 http://registry.npmjs.org/-/npm/v1/security/advisories/bulk 227ms
33 verbose audit error HttpErrorGeneral: 426 Upgrade Required - POST http://registry.npmjs.org/-/npm/v1/security/advisories/bulk
33 verbose audit error     at C:\Users\sohar\AppData\Roaming\npm\node_modules\npm\node_modules\npm-registry-fetch\lib\check-response.js:103:15
33 verbose audit error     at process.processTicksAndRejections (node:internal/process/task_queues:105:5)
33 verbose audit error     at async #getReport (C:\Users\sohar\AppData\Roaming\npm\node_modules\npm\node_modules\@npmcli\arborist\lib\audit-report.js:275:19)
33 verbose audit error     at async AuditReport.run (C:\Users\sohar\AppData\Roaming\npm\node_modules\npm\node_modules\@npmcli\arborist\lib\audit-report.js:100:19) {
33 verbose audit error   headers: [Object: null prototype] {
33 verbose audit error     date: [ 'Tue, 16 Sep 2025 20:04:04 GMT' ],
33 verbose audit error     'content-type': [ 'text/plain' ],
33 verbose audit error     'content-length': [ '271' ],
33 verbose audit error     connection: [ 'keep-alive' ],
33 verbose audit error     'npm-notice': [
33 verbose audit error       'Beginning October 4, 2021, all connections to the npm registry - including for package installation - must use TLS 1.2 or higher. You are currently using plaintext http to connect. Please visit the GitHub blog for more information: https://github.blog/2021-08-23-npm-registry-deprecating-tls-1-0-tls-1-1/'
33 verbose audit error     ],
33 verbose audit error     vary: [ 'Accept-Encoding' ],
33 verbose audit error     'set-cookie': [
33 verbose audit error       '_cfuvid=TRw4xKL9x8wfKLmvrGxYzSz.A1p9d13PvGV7s3OCnSg-1758053044069-0.0.1.1-604800000; path=/; domain=.npmjs.org; HttpOnly'
33 verbose audit error     ],
33 verbose audit error     server: [ 'cloudflare' ],
33 verbose audit error     'cf-ray': [ '9802f8854b4991c8-DEL' ],
33 verbose audit error     'x-fetch-attempts': [ '1' ]
33 verbose audit error   },
33 verbose audit error   statusCode: 426,
33 verbose audit error   code: 'E426',
33 verbose audit error   method: 'POST',
33 verbose audit error   uri: 'http://registry.npmjs.org/-/npm/v1/security/advisories/bulk',
33 verbose audit error   body: <Buffer 42 65 67 69 6e 6e 69 6e 67 20 4f 63 74 6f 62 65 72 20 34 2c 20 32 30 32 31 2c 20 61 6c 6c 20 63 6f 6e 6e 65 63 74 69 6f 6e 73 20 74 6f 20 6e 70 6d 20 ... 221 more bytes>,
33 verbose audit error   pkgid: undefined
33 verbose audit error }
34 silly audit error Beginning October 4, 2021, all connections to npm websites and the npm registry - including for package installation - must use HTTPS and TLS 1.2 or higher.
34 silly audit error
34 silly audit error For more information see this blog post: https://github.blog/2021-08-23-npm-registry-deprecating-tls-1-0-tls-1-1/
35 silly audit report null
36 http fetch GET 200 https://registry.npmjs.org/express-validator/-/express-validator-7.2.1.tgz 1018ms (cache miss)
37 http fetch GET 200 https://registry.npmjs.org/validator/-/validator-13.12.0.tgz 1441ms (cache miss)
38 silly ADD node_modules/validator
39 silly ADD node_modules/express-validator
40 verbose cwd C:\Users\sohar\OneDrive\Desktop\talenconnect\intern\talentconnect-rawRecruit\backend
41 verbose os Windows_NT 10.0.26100
42 verbose node v22.17.0
43 verbose npm  v11.5.1
44 verbose exit 0
45 info ok
