0 verbose cli C:\Program Files\nodejs\node.exe C:\Users\sohar\AppData\Roaming\npm\node_modules\npm\bin\npm-cli.js
1 info using npm@11.5.1
2 info using node@v22.17.0
3 silly config load:file:C:\Users\sohar\AppData\Roaming\npm\node_modules\npm\npmrc
4 silly config load:file:C:\Users\sohar\OneDrive\Desktop\talenconnect\intern\talentconnect-rawRecruit\backend\.npmrc
5 silly config load:file:C:\Users\sohar\.npmrc
6 silly config load:file:C:\Users\sohar\AppData\Roaming\npm\etc\npmrc
7 verbose title npm install @elastic/elasticsearch
8 verbose argv "install" "@elastic/elasticsearch"
9 verbose logfile logs-max:10 dir:C:\Users\sohar\OneDrive\Desktop\talenconnect\intern\talentconnect-rawRecruit\backend\clear\_logs\2025-09-09T19_17_57_441Z-
10 verbose logfile C:\Users\sohar\OneDrive\Desktop\talenconnect\intern\talentconnect-rawRecruit\backend\clear\_logs\2025-09-09T19_17_57_441Z-debug-0.log
11 silly logfile done cleaning log files
12 silly packumentCache heap:2197815296 maxSize:549453824 maxEntrySize:274726912
13 silly idealTree buildDeps
14 silly fetch manifest @elastic/elasticsearch@*
15 silly packumentCache full:http://registry.npmjs.org/@elastic%2felasticsearch cache-miss
16 http fetch GET 200 https://registry.npmjs.org/@elastic%2Felasticsearch 1190ms (cache miss)
17 silly packumentCache full:http://registry.npmjs.org/@elastic%2felasticsearch set size:undefined disposed:false
18 silly placeDep ROOT @elastic/elasticsearch@9.1.1 OK for: rawrecruit-backend@1.0.0 want: *
19 silly fetch manifest tslib@^2.4.0
20 silly packumentCache full:http://registry.npmjs.org/tslib cache-miss
21 silly fetch manifest apache-arrow@18.x - 20.x
22 silly packumentCache full:http://registry.npmjs.org/apache-arrow cache-miss
23 silly fetch manifest @elastic/transport@^9.0.1
24 silly packumentCache full:http://registry.npmjs.org/@elastic%2ftransport cache-miss
25 http fetch GET 200 https://registry.npmjs.org/tslib 302ms (cache miss)
26 silly packumentCache full:http://registry.npmjs.org/tslib set size:undefined disposed:false
27 http fetch GET 200 https://registry.npmjs.org/apache-arrow 1339ms (cache miss)
28 silly packumentCache full:http://registry.npmjs.org/apache-arrow set size:undefined disposed:false
29 http fetch GET 200 https://registry.npmjs.org/@elastic%2Ftransport 2453ms (cache miss)
30 silly packumentCache full:http://registry.npmjs.org/@elastic%2ftransport set size:undefined disposed:false
31 silly placeDep ROOT @elastic/transport@9.1.2 OK for: @elastic/elasticsearch@9.1.1 want: ^9.0.1
32 silly placeDep ROOT apache-arrow@20.0.0 OK for: @elastic/elasticsearch@9.1.1 want: 18.x - 20.x
33 silly placeDep ROOT tslib@2.8.1 OK for: @elastic/elasticsearch@9.1.1 want: ^2.4.0
34 silly fetch manifest tslib@^2.8.1
35 silly packumentCache full:http://registry.npmjs.org/tslib cache-miss
36 silly fetch manifest undici@^7.12.0
37 silly packumentCache full:http://registry.npmjs.org/undici cache-miss
38 silly fetch manifest hpagent@^1.2.0
39 silly packumentCache full:http://registry.npmjs.org/hpagent cache-miss
40 silly fetch manifest secure-json-parse@^4.0.0
41 silly packumentCache full:http://registry.npmjs.org/secure-json-parse cache-miss
42 silly fetch manifest @opentelemetry/api@1.x
43 silly packumentCache full:http://registry.npmjs.org/@opentelemetry%2fapi cache-miss
44 silly fetch manifest @opentelemetry/core@2.x
45 silly packumentCache full:http://registry.npmjs.org/@opentelemetry%2fcore cache-miss
46 silly fetch manifest tslib@^2.6.2
47 silly packumentCache full:http://registry.npmjs.org/tslib cache-miss
48 silly fetch manifest @types/node@^20.13.0
49 silly packumentCache full:http://registry.npmjs.org/@types%2fnode cache-miss
50 silly fetch manifest flatbuffers@^25.1.24
51 silly packumentCache full:http://registry.npmjs.org/flatbuffers cache-miss
52 silly fetch manifest json-bignum@^0.0.3
53 silly packumentCache full:http://registry.npmjs.org/json-bignum cache-miss
54 silly fetch manifest @swc/helpers@^0.5.11
55 silly packumentCache full:http://registry.npmjs.org/@swc%2fhelpers cache-miss
56 http fetch GET 200 https://registry.npmjs.org/hpagent 505ms (cache miss)
57 silly packumentCache full:http://registry.npmjs.org/hpagent set size:undefined disposed:false
58 silly fetch manifest command-line-args@^6.0.1
59 silly packumentCache full:http://registry.npmjs.org/command-line-args cache-miss
60 http cache https://registry.npmjs.org/tslib 586ms (cache hit)
61 silly packumentCache full:http://registry.npmjs.org/tslib set size:108820 disposed:false
62 silly fetch manifest command-line-usage@^7.0.1
63 silly packumentCache full:http://registry.npmjs.org/command-line-usage cache-miss
64 http cache https://registry.npmjs.org/tslib 618ms (cache hit)
65 silly packumentCache full:http://registry.npmjs.org/tslib set size:108820 disposed:false
66 silly packumentCache full:http://registry.npmjs.org/tslib dispose
67 silly fetch manifest @types/command-line-args@^5.2.3
68 silly packumentCache full:http://registry.npmjs.org/@types%2fcommand-line-args cache-miss
69 http fetch GET 200 https://registry.npmjs.org/flatbuffers 691ms (cache miss)
70 silly packumentCache full:http://registry.npmjs.org/flatbuffers set size:undefined disposed:false
71 silly fetch manifest @types/command-line-usage@^5.0.4
72 silly packumentCache full:http://registry.npmjs.org/@types%2fcommand-line-usage cache-miss
73 http fetch GET 200 https://registry.npmjs.org/@opentelemetry%2Fapi 730ms (cache miss)
74 silly packumentCache full:http://registry.npmjs.org/@opentelemetry%2fapi set size:undefined disposed:false
75 http fetch GET 200 https://registry.npmjs.org/undici 744ms (cache miss)
76 silly packumentCache full:http://registry.npmjs.org/undici set size:undefined disposed:false
77 http fetch GET 200 https://registry.npmjs.org/secure-json-parse 772ms (cache miss)
78 silly packumentCache full:http://registry.npmjs.org/secure-json-parse set size:undefined disposed:false
79 http fetch GET 200 https://registry.npmjs.org/command-line-args 303ms (cache miss)
80 silly packumentCache full:http://registry.npmjs.org/command-line-args set size:undefined disposed:false
81 http fetch GET 200 https://registry.npmjs.org/command-line-usage 353ms (cache miss)
82 silly packumentCache full:http://registry.npmjs.org/command-line-usage set size:undefined disposed:false
83 http fetch GET 200 https://registry.npmjs.org/@types%2Fcommand-line-args 337ms (cache miss)
84 silly packumentCache full:http://registry.npmjs.org/@types%2fcommand-line-args set size:undefined disposed:false
85 http fetch GET 200 https://registry.npmjs.org/@types%2Fcommand-line-usage 398ms (cache miss)
86 silly packumentCache full:http://registry.npmjs.org/@types%2fcommand-line-usage set size:undefined disposed:false
87 http fetch GET 200 https://registry.npmjs.org/@swc%2Fhelpers 1146ms (cache miss)
88 silly packumentCache full:http://registry.npmjs.org/@swc%2fhelpers set size:undefined disposed:false
89 http fetch GET 200 https://registry.npmjs.org/@types%2Fnode 1471ms (cache miss)
90 silly packumentCache full:http://registry.npmjs.org/@types%2fnode set size:undefined disposed:false
91 http fetch GET 200 https://registry.npmjs.org/json-bignum 1796ms (cache miss)
92 silly packumentCache full:http://registry.npmjs.org/json-bignum set size:undefined disposed:false
93 http fetch GET 200 https://registry.npmjs.org/@opentelemetry%2Fcore 1832ms (cache miss)
94 silly packumentCache full:http://registry.npmjs.org/@opentelemetry%2fcore set size:undefined disposed:false
95 silly placeDep ROOT @opentelemetry/api@1.9.0 OK for: @elastic/transport@9.1.2 want: 1.x
96 silly placeDep ROOT @opentelemetry/core@2.1.0 OK for: @elastic/transport@9.1.2 want: 2.x
97 silly placeDep ROOT hpagent@1.2.0 OK for: @elastic/transport@9.1.2 want: ^1.2.0
98 silly placeDep ROOT secure-json-parse@4.0.0 OK for: @elastic/transport@9.1.2 want: ^4.0.0
99 silly placeDep ROOT undici@7.16.0 OK for: @elastic/transport@9.1.2 want: ^7.12.0
100 silly fetch manifest @opentelemetry/semantic-conventions@^1.29.0
101 silly packumentCache full:http://registry.npmjs.org/@opentelemetry%2fsemantic-conventions cache-miss
102 http fetch GET 200 https://registry.npmjs.org/@opentelemetry%2Fsemantic-conventions 223ms (cache miss)
103 silly packumentCache full:http://registry.npmjs.org/@opentelemetry%2fsemantic-conventions set size:undefined disposed:false
104 silly placeDep ROOT @opentelemetry/semantic-conventions@1.37.0 OK for: @opentelemetry/core@2.1.0 want: ^1.29.0
105 silly placeDep ROOT @swc/helpers@0.5.17 OK for: apache-arrow@20.0.0 want: ^0.5.11
106 silly placeDep ROOT @types/command-line-args@5.2.3 OK for: apache-arrow@20.0.0 want: ^5.2.3
107 silly placeDep ROOT @types/command-line-usage@5.0.4 OK for: apache-arrow@20.0.0 want: ^5.0.4
108 silly placeDep node_modules/apache-arrow @types/node@20.19.13 OK for: apache-arrow@20.0.0 want: ^20.13.0
109 silly placeDep ROOT command-line-args@6.0.1 OK for: apache-arrow@20.0.0 want: ^6.0.1
110 silly placeDep ROOT command-line-usage@7.0.3 OK for: apache-arrow@20.0.0 want: ^7.0.1
111 silly placeDep ROOT flatbuffers@25.2.10 OK for: apache-arrow@20.0.0 want: ^25.1.24
112 silly placeDep ROOT json-bignum@0.0.3 OK for: apache-arrow@20.0.0 want: ^0.0.3
113 silly fetch manifest undici-types@~6.21.0
114 silly packumentCache full:http://registry.npmjs.org/undici-types cache-miss
115 silly fetch manifest array-back@^6.2.2
116 silly packumentCache full:http://registry.npmjs.org/array-back cache-miss
117 silly fetch manifest find-replace@^5.0.2
118 silly packumentCache full:http://registry.npmjs.org/find-replace cache-miss
119 silly fetch manifest lodash.camelcase@^4.3.0
120 silly packumentCache full:http://registry.npmjs.org/lodash.camelcase cache-miss
121 silly fetch manifest typical@^7.2.0
122 silly packumentCache full:http://registry.npmjs.org/typical cache-miss
123 silly fetch manifest array-back@^6.2.2
124 silly packumentCache full:http://registry.npmjs.org/array-back cache-miss
125 silly fetch manifest chalk-template@^0.4.0
126 silly packumentCache full:http://registry.npmjs.org/chalk-template cache-miss
127 silly fetch manifest table-layout@^4.1.0
128 silly packumentCache full:http://registry.npmjs.org/table-layout cache-miss
129 silly fetch manifest typical@^7.1.1
130 silly packumentCache full:http://registry.npmjs.org/typical cache-miss
131 http fetch GET 200 https://registry.npmjs.org/undici-types 345ms (cache miss)
132 silly packumentCache full:http://registry.npmjs.org/undici-types set size:undefined disposed:false
133 http fetch GET 200 https://registry.npmjs.org/lodash.camelcase 388ms (cache miss)
134 silly packumentCache full:http://registry.npmjs.org/lodash.camelcase set size:undefined disposed:false
135 http fetch GET 200 https://registry.npmjs.org/find-replace 394ms (cache miss)
136 silly packumentCache full:http://registry.npmjs.org/find-replace set size:undefined disposed:false
137 http fetch GET 200 https://registry.npmjs.org/array-back 405ms (cache miss)
138 silly packumentCache full:http://registry.npmjs.org/array-back set size:undefined disposed:false
139 http fetch GET 200 https://registry.npmjs.org/array-back 407ms (cache miss)
140 silly packumentCache full:http://registry.npmjs.org/array-back set size:undefined disposed:false
141 http fetch GET 200 https://registry.npmjs.org/typical 600ms (cache miss)
142 silly packumentCache full:http://registry.npmjs.org/typical set size:undefined disposed:false
143 http fetch GET 200 https://registry.npmjs.org/typical 606ms (cache miss)
144 silly packumentCache full:http://registry.npmjs.org/typical set size:undefined disposed:false
145 http fetch GET 200 https://registry.npmjs.org/chalk-template 1089ms (cache miss)
146 silly packumentCache full:http://registry.npmjs.org/chalk-template set size:undefined disposed:false
147 http fetch GET 200 https://registry.npmjs.org/table-layout 1138ms (cache miss)
148 silly packumentCache full:http://registry.npmjs.org/table-layout set size:undefined disposed:false
149 silly placeDep ROOT array-back@6.2.2 OK for: command-line-args@6.0.1 want: ^6.2.2
150 silly placeDep ROOT find-replace@5.0.2 OK for: command-line-args@6.0.1 want: ^5.0.2
151 silly placeDep ROOT lodash.camelcase@4.3.0 OK for: command-line-args@6.0.1 want: ^4.3.0
152 silly placeDep ROOT typical@7.3.0 OK for: command-line-args@6.0.1 want: ^7.2.0
153 silly placeDep ROOT chalk-template@0.4.0 OK for: command-line-usage@7.0.3 want: ^0.4.0
154 silly placeDep ROOT table-layout@4.1.1 OK for: command-line-usage@7.0.3 want: ^4.1.0
155 silly fetch manifest chalk@^4.1.2
156 silly packumentCache full:http://registry.npmjs.org/chalk cache-miss
157 silly fetch manifest wordwrapjs@^5.1.0
158 silly packumentCache full:http://registry.npmjs.org/wordwrapjs cache-miss
159 http fetch GET 200 https://registry.npmjs.org/chalk 421ms (cache miss)
160 silly packumentCache full:http://registry.npmjs.org/chalk set size:undefined disposed:false
161 http fetch GET 200 https://registry.npmjs.org/wordwrapjs 1190ms (cache miss)
162 silly packumentCache full:http://registry.npmjs.org/wordwrapjs set size:undefined disposed:false
163 silly placeDep ROOT chalk@4.1.2 OK for: chalk-template@0.4.0 want: ^4.1.2
164 silly fetch manifest ansi-styles@^4.1.0
165 silly packumentCache full:http://registry.npmjs.org/ansi-styles cache-miss
166 silly fetch manifest supports-color@^7.1.0
167 silly packumentCache full:http://registry.npmjs.org/supports-color cache-miss
168 http fetch GET 200 https://registry.npmjs.org/ansi-styles 335ms (cache miss)
169 silly packumentCache full:http://registry.npmjs.org/ansi-styles set size:undefined disposed:false
170 http fetch GET 200 https://registry.npmjs.org/supports-color 341ms (cache miss)
171 silly packumentCache full:http://registry.npmjs.org/supports-color set size:undefined disposed:false
172 silly placeDep ROOT ansi-styles@4.3.0 OK for: chalk@4.1.2 want: ^4.1.0
173 silly placeDep node_modules/chalk supports-color@7.2.0 OK for: chalk@4.1.2 want: ^7.1.0
174 silly fetch manifest color-convert@^2.0.1
175 silly packumentCache full:http://registry.npmjs.org/color-convert cache-miss
176 silly fetch manifest has-flag@^4.0.0
177 silly packumentCache full:http://registry.npmjs.org/has-flag cache-miss
178 http fetch GET 200 https://registry.npmjs.org/has-flag 190ms (cache miss)
179 silly packumentCache full:http://registry.npmjs.org/has-flag set size:undefined disposed:false
180 http fetch GET 200 https://registry.npmjs.org/color-convert 209ms (cache miss)
181 silly packumentCache full:http://registry.npmjs.org/color-convert set size:undefined disposed:false
182 silly placeDep ROOT color-convert@2.0.1 OK for: ansi-styles@4.3.0 want: ^2.0.1
183 silly fetch manifest color-name@~1.1.4
184 silly packumentCache full:http://registry.npmjs.org/color-name cache-miss
185 http fetch GET 200 https://registry.npmjs.org/color-name 197ms (cache miss)
186 silly packumentCache full:http://registry.npmjs.org/color-name set size:undefined disposed:false
187 silly placeDep ROOT color-name@1.1.4 OK for: color-convert@2.0.1 want: ~1.1.4
188 silly placeDep ROOT wordwrapjs@5.1.0 OK for: table-layout@4.1.1 want: ^5.1.0
189 silly placeDep node_modules/apache-arrow undici-types@6.21.0 OK for: @types/node@20.19.13 want: ~6.21.0
190 silly placeDep node_modules/chalk has-flag@4.0.0 OK for: supports-color@7.2.0 want: ^4.0.0
191 silly reify moves {}
192 silly audit bulk request {
192 silly audit   '@hapi/hoek': [ '9.3.0' ],
192 silly audit   '@hapi/topo': [ '5.1.0' ],
192 silly audit   '@mongodb-js/saslprep': [ '1.2.2' ],
192 silly audit   '@react-oauth/google': [ '0.12.2' ],
192 silly audit   '@sendgrid/client': [ '8.1.5' ],
192 silly audit   '@sendgrid/helpers': [ '8.0.0' ],
192 silly audit   '@sendgrid/mail': [ '8.1.5' ],
192 silly audit   '@sideway/address': [ '4.1.5' ],
192 silly audit   '@sideway/formula': [ '3.0.1' ],
192 silly audit   '@sideway/pinpoint': [ '2.0.0' ],
192 silly audit   '@socket.io/component-emitter': [ '3.1.2' ],
192 silly audit   '@types/cors': [ '2.8.19' ],
192 silly audit   '@types/node': [ '24.0.0', '20.19.13' ],
192 silly audit   '@types/webidl-conversions': [ '7.0.3' ],
192 silly audit   '@types/whatwg-url': [ '11.0.5' ],
192 silly audit   accepts: [ '2.0.0', '1.3.8' ],
192 silly audit   'agent-base': [ '7.1.3' ],
192 silly audit   anymatch: [ '3.1.3' ],
192 silly audit   'append-field': [ '1.0.0' ],
192 silly audit   asynckit: [ '0.4.0' ],
192 silly audit   axios: [ '1.9.0' ],
192 silly audit   'balanced-match': [ '1.0.2' ],
192 silly audit   'base64-js': [ '1.5.1' ],
192 silly audit   base64id: [ '2.0.0' ],
192 silly audit   bcryptjs: [ '3.0.2' ],
192 silly audit   'bignumber.js': [ '9.3.0' ],
192 silly audit   'binary-extensions': [ '2.3.0' ],
192 silly audit   'body-parser': [ '2.2.0' ],
192 silly audit   'brace-expansion': [ '1.1.12' ],
192 silly audit   braces: [ '3.0.3' ],
192 silly audit   bson: [ '6.10.3' ],
192 silly audit   'buffer-equal-constant-time': [ '1.0.1' ],
192 silly audit   'buffer-from': [ '1.1.2' ],
192 silly audit   busboy: [ '1.6.0' ],
192 silly audit   bytes: [ '3.1.2' ],
192 silly audit   'call-bind-apply-helpers': [ '1.0.2' ],
192 silly audit   'call-bound': [ '1.0.4' ],
192 silly audit   chokidar: [ '3.6.0' ],
192 silly audit   cloudinary: [ '2.6.1' ],
192 silly audit   'combined-stream': [ '1.0.8' ],
192 silly audit   'concat-map': [ '0.0.1' ],
192 silly audit   'concat-stream': [ '2.0.0' ],
192 silly audit   'content-disposition': [ '1.0.0' ],
192 silly audit   'content-type': [ '1.0.5' ],
192 silly audit   cookie: [ '0.7.2' ],
192 silly audit   'cookie-parser': [ '1.4.7' ],
192 silly audit   'cookie-signature': [ '1.0.6', '1.2.2' ],
192 silly audit   cors: [ '2.8.5' ],
192 silly audit   crypto: [ '1.0.1' ],
192 silly audit   debug: [ '4.4.1', '4.3.7' ],
192 silly audit   deepmerge: [ '4.3.1' ],
192 silly audit   'delayed-stream': [ '1.0.0' ],
192 silly audit   depd: [ '2.0.0' ],
192 silly audit   dotenv: [ '16.5.0' ],
192 silly audit   'dunder-proto': [ '1.0.1' ],
192 silly audit   'ecdsa-sig-formatter': [ '1.0.11' ],
192 silly audit   'ee-first': [ '1.1.1' ],
192 silly audit   encodeurl: [ '2.0.0' ],
192 silly audit   'engine.io': [ '6.6.4' ],
192 silly audit   'engine.io-parser': [ '5.2.3' ],
192 silly audit   'mime-db': [ '1.52.0', '1.54.0' ],
192 silly audit   'mime-types': [ '2.1.35', '3.0.1' ],
192 silly audit   negotiator: [ '0.6.3', '1.0.0' ],
192 silly audit   'es-define-property': [ '1.0.1' ],
192 silly audit   'es-errors': [ '1.3.0' ],
192 silly audit   'es-object-atoms': [ '1.1.1' ],
192 silly audit   'es-set-tostringtag': [ '2.1.0' ],
192 silly audit   'escape-html': [ '1.0.3' ],
192 silly audit   etag: [ '1.8.1' ],
192 silly audit   express: [ '5.1.0' ],
192 silly audit   extend: [ '3.0.2' ],
192 silly audit   'fill-range': [ '7.1.1' ],
192 silly audit   finalhandler: [ '2.1.0' ],
192 silly audit   'follow-redirects': [ '1.15.9' ],
192 silly audit   'form-data': [ '4.0.2' ],
192 silly audit   forwarded: [ '0.2.0' ],
192 silly audit   fresh: [ '2.0.0' ],
192 silly audit   fsevents: [ '2.3.3' ],
192 silly audit   'function-bind': [ '1.1.2' ],
192 silly audit   gaxios: [ '6.7.1' ],
192 silly audit   'get-intrinsic': [ '1.3.0' ],
192 silly audit   'get-proto': [ '1.0.1' ],
192 silly audit   'glob-parent': [ '5.1.2' ],
192 silly audit   'google-auth-library': [ '9.15.1' ],
192 silly audit   'gcp-metadata': [ '6.1.1' ],
192 silly audit   jwa: [ '2.0.1', '1.4.2' ],
192 silly audit   jws: [ '4.0.0', '3.2.2' ],
192 silly audit   'google-logging-utils': [ '0.0.2' ],
192 silly audit   gopd: [ '1.2.0' ],
192 silly audit   gtoken: [ '7.1.0' ],
192 silly audit   'has-flag': [ '3.0.0', '4.0.0' ],
192 silly audit   'has-symbols': [ '1.1.0' ],
192 silly audit   'has-tostringtag': [ '1.0.2' ],
192 silly audit   hasown: [ '2.0.2' ],
192 silly audit   'http-errors': [ '2.0.0' ],
192 silly audit   'https-proxy-agent': [ '7.0.6' ],
192 silly audit   'iconv-lite': [ '0.6.3' ],
192 silly audit   'ignore-by-default': [ '1.0.1' ],
192 silly audit   inherits: [ '2.0.4', '2.0.3' ],
192 silly audit   'ipaddr.js': [ '1.9.1' ],
192 silly audit   'is-binary-path': [ '2.1.0' ],
192 silly audit   'is-extglob': [ '2.1.1' ],
192 silly audit   'is-glob': [ '4.0.3' ],
192 silly audit   'is-number': [ '7.0.0' ],
192 silly audit   'is-promise': [ '4.0.0' ],
192 silly audit   'is-stream': [ '2.0.1' ],
192 silly audit   joi: [ '17.13.3' ],
192 silly audit   'json-bigint': [ '1.0.0' ],
192 silly audit   jsonwebtoken: [ '9.0.2' ],
192 silly audit   kareem: [ '2.6.3' ],
192 silly audit   lodash: [ '4.17.21' ],
192 silly audit   'lodash.includes': [ '4.3.0' ],
192 silly audit   'lodash.isboolean': [ '3.0.3' ],
192 silly audit   'lodash.isinteger': [ '4.0.4' ],
192 silly audit   'lodash.isnumber': [ '3.0.3' ],
192 silly audit   'lodash.isplainobject': [ '4.0.6' ],
192 silly audit   'lodash.isstring': [ '4.0.1' ],
192 silly audit   'lodash.once': [ '4.1.1' ],
192 silly audit   'math-intrinsics': [ '1.1.0' ],
192 silly audit   'media-typer': [ '1.1.0', '0.3.0' ],
192 silly audit   'memory-pager': [ '1.5.0' ],
192 silly audit   'merge-descriptors': [ '2.0.0' ],
192 silly audit   minimatch: [ '3.1.2' ],
192 silly audit   minimist: [ '1.2.8' ],
192 silly audit   mkdirp: [ '0.5.6' ],
192 silly audit   mongodb: [ '6.16.0' ],
192 silly audit   'mongodb-connection-string-url': [ '3.0.2' ],
192 silly audit   mongoose: [ '8.15.0' ],
192 silly audit   mpath: [ '0.9.0' ],
192 silly audit   mquery: [ '5.0.0' ],
192 silly audit   ms: [ '2.1.3' ],
192 silly audit   multer: [ '2.0.1' ],
192 silly audit   'type-is': [ '1.6.18', '2.0.1' ],
192 silly audit   'node-fetch': [ '2.7.0' ],
192 silly audit   tr46: [ '0.0.3', '5.1.1' ],
192 silly audit   'webidl-conversions': [ '3.0.1', '7.0.0' ],
192 silly audit   'whatwg-url': [ '5.0.0', '14.2.0' ],
192 silly audit   nodemailer: [ '7.0.3' ],
192 silly audit   nodemon: [ '3.1.10' ],
192 silly audit   'normalize-path': [ '3.0.0' ],
192 silly audit   'object-assign': [ '4.1.1' ],
192 silly audit   'object-inspect': [ '1.13.4' ],
192 silly audit   'on-finished': [ '2.4.1' ],
192 silly audit   once: [ '1.4.0' ],
192 silly audit   parseurl: [ '1.3.3' ],
192 silly audit   path: [ '0.12.7' ],
192 silly audit   'path-to-regexp': [ '8.2.0' ],
192 silly audit   picomatch: [ '2.3.1' ],
192 silly audit   process: [ '0.11.10' ],
192 silly audit   'proxy-addr': [ '2.0.7' ],
192 silly audit   'proxy-from-env': [ '1.1.0' ],
192 silly audit   'pstree.remy': [ '1.1.8' ],
192 silly audit   punycode: [ '2.3.1' ],
192 silly audit   q: [ '1.5.1' ],
192 silly audit   qs: [ '6.14.0' ],
192 silly audit   'range-parser': [ '1.2.1' ],
192 silly audit   'raw-body': [ '3.0.0' ],
192 silly audit   'readable-stream': [ '3.6.2' ],
192 silly audit   readdirp: [ '3.6.0' ],
192 silly audit   router: [ '2.2.0' ],
192 silly audit   'safe-buffer': [ '5.2.1' ],
192 silly audit   'safer-buffer': [ '2.1.2' ],
192 silly audit   semver: [ '7.7.2' ],
192 silly audit   send: [ '1.2.0' ],
192 silly audit   'serve-static': [ '2.2.0' ],
192 silly audit   setprototypeof: [ '1.2.0' ],
192 silly audit   'side-channel': [ '1.1.0' ],
192 silly audit   'side-channel-list': [ '1.0.0' ],
192 silly audit   'side-channel-map': [ '1.0.1' ],
192 silly audit   'side-channel-weakmap': [ '1.0.2' ],
192 silly audit   sift: [ '17.1.3' ],
192 silly audit   'simple-update-notifier': [ '2.0.0' ],
192 silly audit   'socket.io': [ '4.8.1' ],
192 silly audit   'socket.io-adapter': [ '2.5.5' ],
192 silly audit   'socket.io-parser': [ '4.2.4' ],
192 silly audit   'sparse-bitfield': [ '3.0.3' ],
192 silly audit   statuses: [ '2.0.1' ],
192 silly audit   streamifier: [ '0.1.1' ],
192 silly audit   streamsearch: [ '1.1.0' ],
192 silly audit   string_decoder: [ '1.3.0' ],
192 silly audit   'supports-color': [ '5.5.0', '7.2.0' ],
192 silly audit   'to-regex-range': [ '5.0.1' ],
192 silly audit   toidentifier: [ '1.0.1' ],
192 silly audit   touch: [ '3.1.1' ],
192 silly audit   typedarray: [ '0.0.6' ],
192 silly audit   undefsafe: [ '2.0.5' ],
192 silly audit   'undici-types': [ '7.8.0', '6.21.0' ],
192 silly audit   unpipe: [ '1.0.0' ],
192 silly audit   util: [ '0.10.4' ],
192 silly audit   'util-deprecate': [ '1.0.2' ],
192 silly audit   uuid: [ '9.0.1' ],
192 silly audit   vary: [ '1.1.2' ],
192 silly audit   wrappy: [ '1.0.2' ],
192 silly audit   ws: [ '8.17.1' ],
192 silly audit   xtend: [ '4.0.2' ],
192 silly audit   '@elastic/elasticsearch': [ '9.1.1' ],
192 silly audit   '@elastic/transport': [ '9.1.2' ],
192 silly audit   'apache-arrow': [ '20.0.0' ],
192 silly audit   tslib: [ '2.8.1' ],
192 silly audit   '@opentelemetry/api': [ '1.9.0' ],
192 silly audit   '@opentelemetry/core': [ '2.1.0' ],
192 silly audit   hpagent: [ '1.2.0' ],
192 silly audit   'secure-json-parse': [ '4.0.0' ],
192 silly audit   undici: [ '7.16.0' ],
192 silly audit   '@opentelemetry/semantic-conventions': [ '1.37.0' ],
192 silly audit   '@swc/helpers': [ '0.5.17' ],
192 silly audit   '@types/command-line-args': [ '5.2.3' ],
192 silly audit   '@types/command-line-usage': [ '5.0.4' ],
192 silly audit   'command-line-args': [ '6.0.1' ],
192 silly audit   'command-line-usage': [ '7.0.3' ],
192 silly audit   flatbuffers: [ '25.2.10' ],
192 silly audit   'json-bignum': [ '0.0.3' ],
192 silly audit   'array-back': [ '6.2.2' ],
192 silly audit   'find-replace': [ '5.0.2' ],
192 silly audit   'lodash.camelcase': [ '4.3.0' ],
192 silly audit   typical: [ '7.3.0' ],
192 silly audit   'chalk-template': [ '0.4.0' ],
192 silly audit   'table-layout': [ '4.1.1' ],
192 silly audit   chalk: [ '4.1.2' ],
192 silly audit   'ansi-styles': [ '4.3.0' ],
192 silly audit   'color-convert': [ '2.0.1' ],
192 silly audit   'color-name': [ '1.1.4' ],
192 silly audit   wordwrapjs: [ '5.1.0' ]
192 silly audit }
193 http cache color-name@https://registry.npmjs.org/color-name/-/color-name-1.1.4.tgz 0ms (cache hit)
194 http cache wordwrapjs@https://registry.npmjs.org/wordwrapjs/-/wordwrapjs-5.1.0.tgz 0ms (cache hit)
195 http cache color-convert@https://registry.npmjs.org/color-convert/-/color-convert-2.0.1.tgz 0ms (cache hit)
196 http cache ansi-styles@https://registry.npmjs.org/ansi-styles/-/ansi-styles-4.3.0.tgz 0ms (cache hit)
197 http cache chalk@https://registry.npmjs.org/chalk/-/chalk-4.1.2.tgz 0ms (cache hit)
198 http cache table-layout@https://registry.npmjs.org/table-layout/-/table-layout-4.1.1.tgz 0ms (cache hit)
199 http cache chalk-template@https://registry.npmjs.org/chalk-template/-/chalk-template-0.4.0.tgz 0ms (cache hit)
200 http cache typical@https://registry.npmjs.org/typical/-/typical-7.3.0.tgz 1ms (cache hit)
201 http cache lodash.camelcase@https://registry.npmjs.org/lodash.camelcase/-/lodash.camelcase-4.3.0.tgz 0ms (cache hit)
202 http cache find-replace@https://registry.npmjs.org/find-replace/-/find-replace-5.0.2.tgz 0ms (cache hit)
203 http cache array-back@https://registry.npmjs.org/array-back/-/array-back-6.2.2.tgz 0ms (cache hit)
204 http cache json-bignum@https://registry.npmjs.org/json-bignum/-/json-bignum-0.0.3.tgz 0ms (cache hit)
205 http cache flatbuffers@https://registry.npmjs.org/flatbuffers/-/flatbuffers-25.2.10.tgz 0ms (cache hit)
206 http cache @types/command-line-usage@https://registry.npmjs.org/@types/command-line-usage/-/command-line-usage-5.0.4.tgz 0ms (cache hit)
207 http cache @types/command-line-args@https://registry.npmjs.org/@types/command-line-args/-/command-line-args-5.2.3.tgz 1ms (cache hit)
208 http cache command-line-usage@https://registry.npmjs.org/command-line-usage/-/command-line-usage-7.0.3.tgz 0ms (cache hit)
209 http cache @opentelemetry/semantic-conventions@https://registry.npmjs.org/@opentelemetry/semantic-conventions/-/semantic-conventions-1.37.0.tgz 0ms (cache hit)
210 http cache @swc/helpers@https://registry.npmjs.org/@swc/helpers/-/helpers-0.5.17.tgz 0ms (cache hit)
211 http cache @opentelemetry/core@https://registry.npmjs.org/@opentelemetry/core/-/core-2.1.0.tgz 0ms (cache hit)
212 http cache command-line-args@https://registry.npmjs.org/command-line-args/-/command-line-args-6.0.1.tgz 0ms (cache hit)
213 http cache @opentelemetry/api@https://registry.npmjs.org/@opentelemetry/api/-/api-1.9.0.tgz 0ms (cache hit)
214 http cache undici@https://registry.npmjs.org/undici/-/undici-7.16.0.tgz 0ms (cache hit)
215 http cache hpagent@https://registry.npmjs.org/hpagent/-/hpagent-1.2.0.tgz 0ms (cache hit)
216 http cache secure-json-parse@https://registry.npmjs.org/secure-json-parse/-/secure-json-parse-4.0.0.tgz 0ms (cache hit)
217 http cache tslib@https://registry.npmjs.org/tslib/-/tslib-2.8.1.tgz 0ms (cache hit)
218 http cache @elastic/transport@https://registry.npmjs.org/@elastic/transport/-/transport-9.1.2.tgz 0ms (cache hit)
219 http cache @elastic/elasticsearch@https://registry.npmjs.org/@elastic/elasticsearch/-/elasticsearch-9.1.1.tgz 0ms (cache hit)
220 http cache apache-arrow@https://registry.npmjs.org/apache-arrow/-/apache-arrow-20.0.0.tgz 1ms (cache hit)
221 http cache has-flag@https://registry.npmjs.org/has-flag/-/has-flag-4.0.0.tgz 0ms (cache hit)
222 silly tarball no local data for color-name@https://registry.npmjs.org/color-name/-/color-name-1.1.4.tgz. Extracting by manifest.
223 http cache supports-color@https://registry.npmjs.org/supports-color/-/supports-color-7.2.0.tgz 0ms (cache hit)
224 http cache undici-types@https://registry.npmjs.org/undici-types/-/undici-types-6.21.0.tgz 0ms (cache hit)
225 silly tarball no local data for wordwrapjs@https://registry.npmjs.org/wordwrapjs/-/wordwrapjs-5.1.0.tgz. Extracting by manifest.
226 http cache @types/node@https://registry.npmjs.org/@types/node/-/node-20.19.13.tgz 0ms (cache hit)
227 silly tarball no local data for color-convert@https://registry.npmjs.org/color-convert/-/color-convert-2.0.1.tgz. Extracting by manifest.
228 silly tarball no local data for ansi-styles@https://registry.npmjs.org/ansi-styles/-/ansi-styles-4.3.0.tgz. Extracting by manifest.
229 silly tarball no local data for chalk@https://registry.npmjs.org/chalk/-/chalk-4.1.2.tgz. Extracting by manifest.
230 silly tarball no local data for table-layout@https://registry.npmjs.org/table-layout/-/table-layout-4.1.1.tgz. Extracting by manifest.
231 silly tarball no local data for chalk-template@https://registry.npmjs.org/chalk-template/-/chalk-template-0.4.0.tgz. Extracting by manifest.
232 silly tarball no local data for typical@https://registry.npmjs.org/typical/-/typical-7.3.0.tgz. Extracting by manifest.
233 silly tarball no local data for lodash.camelcase@https://registry.npmjs.org/lodash.camelcase/-/lodash.camelcase-4.3.0.tgz. Extracting by manifest.
234 silly tarball no local data for find-replace@https://registry.npmjs.org/find-replace/-/find-replace-5.0.2.tgz. Extracting by manifest.
235 silly tarball no local data for array-back@https://registry.npmjs.org/array-back/-/array-back-6.2.2.tgz. Extracting by manifest.
236 silly tarball no local data for json-bignum@https://registry.npmjs.org/json-bignum/-/json-bignum-0.0.3.tgz. Extracting by manifest.
237 silly tarball no local data for flatbuffers@https://registry.npmjs.org/flatbuffers/-/flatbuffers-25.2.10.tgz. Extracting by manifest.
238 silly tarball no local data for @types/command-line-usage@https://registry.npmjs.org/@types/command-line-usage/-/command-line-usage-5.0.4.tgz. Extracting by manifest.
239 silly tarball no local data for @types/command-line-args@https://registry.npmjs.org/@types/command-line-args/-/command-line-args-5.2.3.tgz. Extracting by manifest.
240 silly tarball no local data for command-line-usage@https://registry.npmjs.org/command-line-usage/-/command-line-usage-7.0.3.tgz. Extracting by manifest.
241 silly tarball no local data for @opentelemetry/semantic-conventions@https://registry.npmjs.org/@opentelemetry/semantic-conventions/-/semantic-conventions-1.37.0.tgz. Extracting by manifest.
242 silly tarball no local data for @swc/helpers@https://registry.npmjs.org/@swc/helpers/-/helpers-0.5.17.tgz. Extracting by manifest.
243 silly tarball no local data for @opentelemetry/core@https://registry.npmjs.org/@opentelemetry/core/-/core-2.1.0.tgz. Extracting by manifest.
244 silly tarball no local data for command-line-args@https://registry.npmjs.org/command-line-args/-/command-line-args-6.0.1.tgz. Extracting by manifest.
245 silly tarball no local data for @opentelemetry/api@https://registry.npmjs.org/@opentelemetry/api/-/api-1.9.0.tgz. Extracting by manifest.
246 silly tarball no local data for undici@https://registry.npmjs.org/undici/-/undici-7.16.0.tgz. Extracting by manifest.
247 silly tarball no local data for hpagent@https://registry.npmjs.org/hpagent/-/hpagent-1.2.0.tgz. Extracting by manifest.
248 silly tarball no local data for secure-json-parse@https://registry.npmjs.org/secure-json-parse/-/secure-json-parse-4.0.0.tgz. Extracting by manifest.
249 silly tarball no local data for tslib@https://registry.npmjs.org/tslib/-/tslib-2.8.1.tgz. Extracting by manifest.
250 silly tarball no local data for @elastic/transport@https://registry.npmjs.org/@elastic/transport/-/transport-9.1.2.tgz. Extracting by manifest.
251 silly tarball no local data for @elastic/elasticsearch@https://registry.npmjs.org/@elastic/elasticsearch/-/elasticsearch-9.1.1.tgz. Extracting by manifest.
252 silly tarball no local data for apache-arrow@https://registry.npmjs.org/apache-arrow/-/apache-arrow-20.0.0.tgz. Extracting by manifest.
253 silly tarball no local data for has-flag@https://registry.npmjs.org/has-flag/-/has-flag-4.0.0.tgz. Extracting by manifest.
254 silly tarball no local data for supports-color@https://registry.npmjs.org/supports-color/-/supports-color-7.2.0.tgz. Extracting by manifest.
255 silly tarball no local data for undici-types@https://registry.npmjs.org/undici-types/-/undici-types-6.21.0.tgz. Extracting by manifest.
256 silly tarball no local data for @types/node@https://registry.npmjs.org/@types/node/-/node-20.19.13.tgz. Extracting by manifest.
257 notice Beginning October 4, 2021, all connections to the npm registry - including for package installation - must use TLS 1.2 or higher. You are currently using plaintext http to connect. Please visit the GitHub blog for more information: https://github.blog/2021-08-23-npm-registry-deprecating-tls-1-0-tls-1-1/
258 http fetch POST 426 http://registry.npmjs.org/-/npm/v1/security/advisories/bulk 151ms
259 verbose audit error HttpErrorGeneral: 426 Upgrade Required - POST http://registry.npmjs.org/-/npm/v1/security/advisories/bulk
259 verbose audit error     at C:\Users\sohar\AppData\Roaming\npm\node_modules\npm\node_modules\npm-registry-fetch\lib\check-response.js:103:15
259 verbose audit error     at process.processTicksAndRejections (node:internal/process/task_queues:105:5)
259 verbose audit error     at async #getReport (C:\Users\sohar\AppData\Roaming\npm\node_modules\npm\node_modules\@npmcli\arborist\lib\audit-report.js:275:19)
259 verbose audit error     at async AuditReport.run (C:\Users\sohar\AppData\Roaming\npm\node_modules\npm\node_modules\@npmcli\arborist\lib\audit-report.js:100:19) {
259 verbose audit error   headers: [Object: null prototype] {
259 verbose audit error     date: [ 'Tue, 09 Sep 2025 19:18:08 GMT' ],
259 verbose audit error     'content-type': [ 'text/plain' ],
259 verbose audit error     'content-length': [ '271' ],
259 verbose audit error     connection: [ 'keep-alive' ],
259 verbose audit error     'npm-notice': [
259 verbose audit error       'Beginning October 4, 2021, all connections to the npm registry - including for package installation - must use TLS 1.2 or higher. You are currently using plaintext http to connect. Please visit the GitHub blog for more information: https://github.blog/2021-08-23-npm-registry-deprecating-tls-1-0-tls-1-1/'
259 verbose audit error     ],
259 verbose audit error     vary: [ 'Accept-Encoding' ],
259 verbose audit error     'set-cookie': [
259 verbose audit error       '_cfuvid=HvGqwK9OH5fGsl89EP3XvgGxb8HkoMujXpMM1U05cuk-1757445488060-0.0.1.1-604800000; path=/; domain=.npmjs.org; HttpOnly'
259 verbose audit error     ],
259 verbose audit error     server: [ 'cloudflare' ],
259 verbose audit error     'cf-ray': [ '97c9079c5dbca5d3-DEL' ],
259 verbose audit error     'x-fetch-attempts': [ '1' ]
259 verbose audit error   },
259 verbose audit error   statusCode: 426,
259 verbose audit error   code: 'E426',
259 verbose audit error   method: 'POST',
259 verbose audit error   uri: 'http://registry.npmjs.org/-/npm/v1/security/advisories/bulk',
259 verbose audit error   body: <Buffer 42 65 67 69 6e 6e 69 6e 67 20 4f 63 74 6f 62 65 72 20 34 2c 20 32 30 32 31 2c 20 61 6c 6c 20 63 6f 6e 6e 65 63 74 69 6f 6e 73 20 74 6f 20 6e 70 6d 20 ... 221 more bytes>,
259 verbose audit error   pkgid: undefined
259 verbose audit error }
260 silly audit error Beginning October 4, 2021, all connections to npm websites and the npm registry - including for package installation - must use HTTPS and TLS 1.2 or higher.
260 silly audit error
260 silly audit error For more information see this blog post: https://github.blog/2021-08-23-npm-registry-deprecating-tls-1-0-tls-1-1/
261 silly audit report null
262 http fetch GET 200 https://registry.npmjs.org/wordwrapjs/-/wordwrapjs-5.1.0.tgz 508ms (cache miss)
263 http fetch GET 200 https://registry.npmjs.org/chalk-template/-/chalk-template-0.4.0.tgz 506ms (cache miss)
264 http fetch GET 200 https://registry.npmjs.org/color-name/-/color-name-1.1.4.tgz 514ms (cache miss)
265 http fetch GET 200 https://registry.npmjs.org/lodash.camelcase/-/lodash.camelcase-4.3.0.tgz 506ms (cache miss)
266 http fetch GET 200 https://registry.npmjs.org/typical/-/typical-7.3.0.tgz 531ms (cache miss)
267 http fetch GET 200 https://registry.npmjs.org/ansi-styles/-/ansi-styles-4.3.0.tgz 543ms (cache miss)
268 http fetch GET 200 https://registry.npmjs.org/find-replace/-/find-replace-5.0.2.tgz 547ms (cache miss)
269 http fetch GET 200 https://registry.npmjs.org/color-convert/-/color-convert-2.0.1.tgz 564ms (cache miss)
270 http fetch GET 200 https://registry.npmjs.org/chalk/-/chalk-4.1.2.tgz 574ms (cache miss)
271 http fetch GET 200 https://registry.npmjs.org/command-line-usage/-/command-line-usage-7.0.3.tgz 576ms (cache miss)
272 http fetch GET 200 https://registry.npmjs.org/json-bignum/-/json-bignum-0.0.3.tgz 581ms (cache miss)
273 http fetch GET 200 https://registry.npmjs.org/has-flag/-/has-flag-4.0.0.tgz 917ms (cache miss)
274 http fetch GET 200 https://registry.npmjs.org/@types/command-line-usage/-/command-line-usage-5.0.4.tgz 931ms (cache miss)
275 http fetch GET 200 https://registry.npmjs.org/@types/command-line-args/-/command-line-args-5.2.3.tgz 933ms (cache miss)
276 http fetch GET 200 https://registry.npmjs.org/command-line-args/-/command-line-args-6.0.1.tgz 931ms (cache miss)
277 http fetch GET 200 https://registry.npmjs.org/supports-color/-/supports-color-7.2.0.tgz 933ms (cache miss)
278 http fetch GET 200 https://registry.npmjs.org/table-layout/-/table-layout-4.1.1.tgz 1225ms (cache miss)
279 http fetch GET 200 https://registry.npmjs.org/undici-types/-/undici-types-6.21.0.tgz 1599ms (cache miss)
280 http fetch GET 200 https://registry.npmjs.org/array-back/-/array-back-6.2.2.tgz 1651ms (cache miss)
281 http fetch GET 200 https://registry.npmjs.org/tslib/-/tslib-2.8.1.tgz 1798ms (cache miss)
282 http fetch GET 200 https://registry.npmjs.org/flatbuffers/-/flatbuffers-25.2.10.tgz 1832ms (cache miss)
283 http fetch GET 200 https://registry.npmjs.org/secure-json-parse/-/secure-json-parse-4.0.0.tgz 1908ms (cache miss)
284 http fetch GET 200 https://registry.npmjs.org/hpagent/-/hpagent-1.2.0.tgz 1937ms (cache miss)
285 http fetch GET 200 https://registry.npmjs.org/@types/node/-/node-20.19.13.tgz 2285ms (cache miss)
286 http fetch GET 200 https://registry.npmjs.org/@elastic/transport/-/transport-9.1.2.tgz 2298ms (cache miss)
287 http fetch GET 200 https://registry.npmjs.org/undici/-/undici-7.16.0.tgz 3447ms (cache miss)
288 http fetch GET 200 https://registry.npmjs.org/@opentelemetry/semantic-conventions/-/semantic-conventions-1.37.0.tgz 3787ms (cache miss)
289 http fetch GET 200 https://registry.npmjs.org/@elastic/elasticsearch/-/elasticsearch-9.1.1.tgz 4676ms (cache miss)
290 http fetch GET 200 https://registry.npmjs.org/@swc/helpers/-/helpers-0.5.17.tgz 4799ms (cache miss)
291 http fetch GET 200 https://registry.npmjs.org/@opentelemetry/core/-/core-2.1.0.tgz 4936ms (cache miss)
292 http fetch GET 200 https://registry.npmjs.org/@opentelemetry/api/-/api-1.9.0.tgz 5945ms (cache miss)
293 http fetch GET 200 https://registry.npmjs.org/apache-arrow/-/apache-arrow-20.0.0.tgz 7178ms (cache miss)
294 silly ADD node_modules/wordwrapjs
295 silly ADD node_modules/color-name
296 silly ADD node_modules/color-convert
297 silly ADD node_modules/ansi-styles
298 silly ADD node_modules/chalk
299 silly ADD node_modules/chalk/node_modules/has-flag
300 silly ADD node_modules/chalk/node_modules/supports-color
301 silly ADD node_modules/table-layout
302 silly ADD node_modules/chalk-template
303 silly ADD node_modules/typical
304 silly ADD node_modules/lodash.camelcase
305 silly ADD node_modules/find-replace
306 silly ADD node_modules/array-back
307 silly ADD node_modules/json-bignum
308 silly ADD node_modules/flatbuffers
309 silly ADD node_modules/command-line-usage
310 silly ADD node_modules/command-line-args
311 silly ADD node_modules/@types/command-line-usage
312 silly ADD node_modules/@types/command-line-args
313 silly ADD node_modules/@swc/helpers
314 silly ADD node_modules/@opentelemetry/semantic-conventions
315 silly ADD node_modules/undici
316 silly ADD node_modules/secure-json-parse
317 silly ADD node_modules/hpagent
318 silly ADD node_modules/@opentelemetry/core
319 silly ADD node_modules/@opentelemetry/api
320 silly ADD node_modules/tslib
321 silly ADD node_modules/apache-arrow
322 silly ADD node_modules/apache-arrow/node_modules/undici-types
323 silly ADD node_modules/apache-arrow/node_modules/@types/node
324 silly ADD node_modules/@elastic/transport
325 silly ADD node_modules/@elastic/elasticsearch
326 verbose cwd C:\Users\sohar\OneDrive\Desktop\talenconnect\intern\talentconnect-rawRecruit\backend
327 verbose os Windows_NT 10.0.26100
328 verbose node v22.17.0
329 verbose npm  v11.5.1
330 verbose exit 0
331 info ok
